Archive member included to satisfy reference by file (symbol)

/usr/lib/gcc/arm-none-eabi/12.2.1/thumb/v6-m/nofp/libgcc.a(_dvmd_tls.o)
                              CMakeFiles/AS3935.dir/home/scott/Documents/pico/pico-sdk/src/rp2_common/pico_divider/divider.S.obj (__aeabi_idiv0)
/usr/lib/gcc/arm-none-eabi/12.2.1/../../../arm-none-eabi/lib/thumb/v6-m/nofp/libg.a(lib_a-atexit.o)
                              /usr/lib/gcc/arm-none-eabi/12.2.1/../../../arm-none-eabi/lib/thumb/v6-m/nofp/crt0.o (atexit)
/usr/lib/gcc/arm-none-eabi/12.2.1/../../../arm-none-eabi/lib/thumb/v6-m/nofp/libg.a(lib_a-calloc.o)
                              CMakeFiles/AS3935.dir/home/scott/Documents/pico/pico-sdk/src/rp2_common/pico_malloc/pico_malloc.c.obj (calloc)
/usr/lib/gcc/arm-none-eabi/12.2.1/../../../arm-none-eabi/lib/thumb/v6-m/nofp/libg.a(lib_a-callocr.o)
                              /usr/lib/gcc/arm-none-eabi/12.2.1/../../../arm-none-eabi/lib/thumb/v6-m/nofp/libg.a(lib_a-calloc.o) (_calloc_r)
/usr/lib/gcc/arm-none-eabi/12.2.1/../../../arm-none-eabi/lib/thumb/v6-m/nofp/libg.a(lib_a-fini.o)
                              /usr/lib/gcc/arm-none-eabi/12.2.1/../../../arm-none-eabi/lib/thumb/v6-m/nofp/crt0.o (__libc_fini_array)
/usr/lib/gcc/arm-none-eabi/12.2.1/../../../arm-none-eabi/lib/thumb/v6-m/nofp/libg.a(lib_a-impure.o)
                              /usr/lib/gcc/arm-none-eabi/12.2.1/../../../arm-none-eabi/lib/thumb/v6-m/nofp/libg.a(lib_a-calloc.o) (_impure_ptr)
/usr/lib/gcc/arm-none-eabi/12.2.1/../../../arm-none-eabi/lib/thumb/v6-m/nofp/libg.a(lib_a-init.o)
                              /usr/lib/gcc/arm-none-eabi/12.2.1/../../../arm-none-eabi/lib/thumb/v6-m/nofp/crt0.o (__libc_init_array)
/usr/lib/gcc/arm-none-eabi/12.2.1/../../../arm-none-eabi/lib/thumb/v6-m/nofp/libg.a(lib_a-malloc.o)
                              CMakeFiles/AS3935.dir/home/scott/Documents/pico/pico-sdk/src/rp2_common/pico_malloc/pico_malloc.c.obj (malloc)
/usr/lib/gcc/arm-none-eabi/12.2.1/../../../arm-none-eabi/lib/thumb/v6-m/nofp/libg.a(lib_a-mallocr.o)
                              /usr/lib/gcc/arm-none-eabi/12.2.1/../../../arm-none-eabi/lib/thumb/v6-m/nofp/libg.a(lib_a-callocr.o) (_malloc_r)
/usr/lib/gcc/arm-none-eabi/12.2.1/../../../arm-none-eabi/lib/thumb/v6-m/nofp/libg.a(lib_a-mlock.o)
                              /usr/lib/gcc/arm-none-eabi/12.2.1/../../../arm-none-eabi/lib/thumb/v6-m/nofp/libg.a(lib_a-mallocr.o) (__malloc_lock)
/usr/lib/gcc/arm-none-eabi/12.2.1/../../../arm-none-eabi/lib/thumb/v6-m/nofp/libg.a(lib_a-realloc.o)
                              CMakeFiles/AS3935.dir/home/scott/Documents/pico/pico-sdk/src/rp2_common/pico_malloc/pico_malloc.c.obj (realloc)
/usr/lib/gcc/arm-none-eabi/12.2.1/../../../arm-none-eabi/lib/thumb/v6-m/nofp/libg.a(lib_a-reallocr.o)
                              /usr/lib/gcc/arm-none-eabi/12.2.1/../../../arm-none-eabi/lib/thumb/v6-m/nofp/libg.a(lib_a-realloc.o) (_realloc_r)
/usr/lib/gcc/arm-none-eabi/12.2.1/../../../arm-none-eabi/lib/thumb/v6-m/nofp/libg.a(lib_a-sbrkr.o)
                              /usr/lib/gcc/arm-none-eabi/12.2.1/../../../arm-none-eabi/lib/thumb/v6-m/nofp/libg.a(lib_a-mallocr.o) (_sbrk_r)
/usr/lib/gcc/arm-none-eabi/12.2.1/../../../arm-none-eabi/lib/thumb/v6-m/nofp/libg.a(lib_a-strlen-stub.o)
                              CMakeFiles/AS3935.dir/home/scott/Documents/pico/pico-sdk/src/rp2_common/pico_stdio/stdio.c.obj (strlen)
/usr/lib/gcc/arm-none-eabi/12.2.1/../../../arm-none-eabi/lib/thumb/v6-m/nofp/libg.a(lib_a-__atexit.o)
                              /usr/lib/gcc/arm-none-eabi/12.2.1/../../../arm-none-eabi/lib/thumb/v6-m/nofp/libg.a(lib_a-atexit.o) (__register_exitproc)
/usr/lib/gcc/arm-none-eabi/12.2.1/../../../arm-none-eabi/lib/thumb/v6-m/nofp/libg.a(lib_a-freer.o)
                              /usr/lib/gcc/arm-none-eabi/12.2.1/../../../arm-none-eabi/lib/thumb/v6-m/nofp/libg.a(lib_a-malloc.o) (_free_r)
/usr/lib/gcc/arm-none-eabi/12.2.1/../../../arm-none-eabi/lib/thumb/v6-m/nofp/libg.a(lib_a-memmove.o)
                              /usr/lib/gcc/arm-none-eabi/12.2.1/../../../arm-none-eabi/lib/thumb/v6-m/nofp/libg.a(lib_a-reallocr.o) (memmove)
/usr/lib/gcc/arm-none-eabi/12.2.1/../../../arm-none-eabi/lib/thumb/v6-m/nofp/libg.a(lib_a-reent.o)
                              /usr/lib/gcc/arm-none-eabi/12.2.1/../../../arm-none-eabi/lib/thumb/v6-m/nofp/libg.a(lib_a-sbrkr.o) (errno)

Discarded input sections

 .text          0x00000000        0x0 /usr/lib/gcc/arm-none-eabi/12.2.1/thumb/v6-m/nofp/crti.o
 .data          0x00000000        0x0 /usr/lib/gcc/arm-none-eabi/12.2.1/thumb/v6-m/nofp/crti.o
 .bss           0x00000000        0x0 /usr/lib/gcc/arm-none-eabi/12.2.1/thumb/v6-m/nofp/crti.o
 .data          0x00000000        0x4 /usr/lib/gcc/arm-none-eabi/12.2.1/thumb/v6-m/nofp/crtbegin.o
 .rodata        0x00000000       0x24 /usr/lib/gcc/arm-none-eabi/12.2.1/thumb/v6-m/nofp/crtbegin.o
 .fini_array    0x00000000        0x4 /usr/lib/gcc/arm-none-eabi/12.2.1/thumb/v6-m/nofp/crtbegin.o
[...]
Memory Configuration

Name             Origin             Length             Attributes
FLASH            0x10000000         0x00200000         xr
RAM              0x20000000         0x00040000         xrw
SCRATCH_X        0x20040000         0x00001000         xrw
SCRATCH_Y        0x20041000         0x00001000         xrw
*default*        0x00000000         0xffffffff

Linker script and memory map

LOAD /usr/lib/gcc/arm-none-eabi/12.2.1/thumb/v6-m/nofp/crti.o
LOAD /usr/lib/gcc/arm-none-eabi/12.2.1/thumb/v6-m/nofp/crtbegin.o
LOAD /usr/lib/gcc/arm-none-eabi/12.2.1/../../../arm-none-eabi/lib/thumb/v6-m/nofp/crt0.o

.flash_begin    0x10000000        0x0
                0x10000000                        __flash_binary_start = .

.boot2          0x10000000      0x100
                0x10000000                        __boot2_start__ = .
 *(.boot2)
 .boot2         0x10000000      0x100 /tmp/ccjS5wAe.o
                0x10000100                        __boot2_end__ = .
                0x00000001                        ASSERT (((__boot2_end__ - __boot2_start__) == 0x100), ERROR: Pico second stage bootloader must be 256 bytes in size)

.text           0x10000100     0x4b68
                0x10000100                        __logical_binary_start = .
 *(.vectors)
 .vectors       0x10000100       0xd4 CMakeFiles/AS3935.dir/home/scott/Documents/pico/pico-sdk/src/rp2_common/pico_standard_link/crt0.S.obj
                0x10000100                __vectors
                0x10000100                __VECTOR_TABLE
                0x100001c0                isr_invalid
                0x100001c0                __default_isrs_start
                0x100001c2                isr_nmi
                0x100001c4                isr_hardfault
                0x100001c6                isr_svcall
                0x100001c8                isr_pendsv
                0x100001ca                isr_systick
                0x100001cc                isr_irq30
                0x100001cc                __unhandled_user_irq
                0x100001cc                isr_irq13
                0x100001cc                isr_irq27
                0x100001cc                isr_irq31
                0x100001cc                isr_irq5
                0x100001cc                isr_irq11
                0x100001cc                isr_irq23
                0x100001cc                isr_irq18
                0x100001cc                isr_irq28
                0x100001cc                isr_irq19
                0x100001cc                isr_irq0
                0x100001cc                isr_irq6
                0x100001cc                isr_irq22
                0x100001cc                isr_irq17
                0x100001cc                isr_irq14
                0x100001cc                isr_irq2
                0x100001cc                isr_irq10
                0x100001cc                isr_irq8
                0x100001cc                isr_irq24
                0x100001cc                isr_irq1
                0x100001cc                isr_irq7
                0x100001cc                isr_irq21
                0x100001cc                isr_irq20
                0x100001cc                isr_irq15
                0x100001cc                isr_irq25
                0x100001cc                isr_irq4
                0x100001cc                isr_irq16
                0x100001cc                isr_irq29
                0x100001cc                isr_irq26
                0x100001cc                __default_isrs_end
                0x100001cc                isr_irq3
                0x100001cc                isr_irq12
                0x100001cc                isr_irq9
                0x100001d2                unhandled_user_irq_num_in_r0
 *(.binary_info_header)
 .binary_info_header
                0x100001d4       0x14 CMakeFiles/AS3935.dir/home/scott/Documents/pico/pico-sdk/src/rp2_common/pico_standard_link/crt0.S.obj
                0x100001e8                        __binary_info_header_end = .
 *(.reset)
 .reset         0x100001e8       0xa0 CMakeFiles/AS3935.dir/home/scott/Documents/pico/pico-sdk/src/rp2_common/pico_standard_link/crt0.S.obj
                0x100001e8                _entry_point
 .reset         0x10000288       0x24 CMakeFiles/AS3935.dir/home/scott/Documents/pico/pico-sdk/src/rp2_common/pico_standard_link/binary_info.c.obj
 *(.init)
 .init          0x100002ac        0x4 /usr/lib/gcc/arm-none-eabi/12.2.1/thumb/v6-m/nofp/crti.o
                0x100002ac                _init
 *(EXCLUDE_FILE(*libm.a: *libc.a:*lib_a-mem*.o *libgcc.a:) .text*)
 .text          0x100002b0       0x98 /usr/lib/gcc/arm-none-eabi/12.2.1/thumb/v6-m/nofp/crtbegin.o
 .text.interrupt_handler
                0x10000348       0x64 CMakeFiles/AS3935.dir/main.c.obj
 .text.main     0x100003ac       0xb4 CMakeFiles/AS3935.dir/main.c.obj
                0x100003ac                main
 .text.as3935_write_register
                0x10000460       0x46 CMakeFiles/AS3935.dir/src/as3935.c.obj
                0x10000460                as3935_write_register
 .text.as3935_read_register
                0x100004a6       0x74 CMakeFiles/AS3935.dir/src/as3935.c.obj
                0x100004a6                as3935_read_register
 .text.as3935_set_to_defaults
                0x1000051a        0xc CMakeFiles/AS3935.dir/src/as3935.c.obj
                0x1000051a                as3935_set_to_defaults
 .text.as3935_set_noise_floor
                0x10000526       0x34 CMakeFiles/AS3935.dir/src/as3935.c.obj
                0x10000526                as3935_set_noise_floor
 .text.as3935_set_watchdog_threshold
                0x1000055a       0x38 CMakeFiles/AS3935.dir/src/as3935.c.obj
                0x1000055a                as3935_set_watchdog_threshold
 *fill*         0x10000592        0x2 
 .text.as3935_print_registers
                0x10000594       0x38 CMakeFiles/AS3935.dir/src/as3935.c.obj
                0x10000594                as3935_print_registers
 .text.gpio_set_function
                0x100005cc       0x30 CMakeFiles/AS3935.dir/home/scott/Documents/pico/pico-sdk/src/rp2_common/hardware_gpio/gpio.c.obj
                0x100005cc                gpio_set_function
 .text.gpio_set_irq_callback
                0x100005fc       0x48 CMakeFiles/AS3935.dir/home/scott/Documents/pico/pico-sdk/src/rp2_common/hardware_gpio/gpio.c.obj
                0x100005fc                gpio_set_irq_callback
 .text.gpio_acknowledge_irq
                0x10000644       0x18 CMakeFiles/AS3935.dir/home/scott/Documents/pico/pico-sdk/src/rp2_common/hardware_gpio/gpio.c.obj
                0x10000644                gpio_acknowledge_irq
 .text._gpio_set_irq_enabled
                0x1000065c       0x34 CMakeFiles/AS3935.dir/home/scott/Documents/pico/pico-sdk/src/rp2_common/hardware_gpio/gpio.c.obj
 .text.gpio_set_irq_enabled
                0x10000690       0x20 CMakeFiles/AS3935.dir/home/scott/Documents/pico/pico-sdk/src/rp2_common/hardware_gpio/gpio.c.obj
                0x10000690                gpio_set_irq_enabled
 .text.gpio_set_irq_enabled_with_callback
                0x100006b0       0x20 CMakeFiles/AS3935.dir/home/scott/Documents/pico/pico-sdk/src/rp2_common/hardware_gpio/gpio.c.obj
                0x100006b0                gpio_set_irq_enabled_with_callback
 .text.gpio_default_irq_handler
                0x100006d0       0x98 CMakeFiles/AS3935.dir/home/scott/Documents/pico/pico-sdk/src/rp2_common/hardware_gpio/gpio.c.obj
 .text.gpio_init
                0x10000768       0x16 CMakeFiles/AS3935.dir/home/scott/Documents/pico/pico-sdk/src/rp2_common/hardware_gpio/gpio.c.obj
                0x10000768                gpio_init
 *fill*         0x1000077e        0x2 
 .text.running_on_fpga
                0x10000780       0x14 CMakeFiles/AS3935.dir/home/scott/Documents/pico/pico-sdk/src/rp2_common/pico_platform/platform.c.obj
                0x10000780                running_on_fpga
 .text.hw_claim_lock
                0x10000794       0x18 CMakeFiles/AS3935.dir/home/scott/Documents/pico/pico-sdk/src/rp2_common/hardware_claim/claim.c.obj
                0x10000794                hw_claim_lock
 .text.hw_claim_unlock
                0x100007ac       0x14 CMakeFiles/AS3935.dir/home/scott/Documents/pico/pico-sdk/src/rp2_common/hardware_claim/claim.c.obj
                0x100007ac                hw_claim_unlock
 .text.hw_claim_or_assert
                0x100007c0       0x32 CMakeFiles/AS3935.dir/home/scott/Documents/pico/pico-sdk/src/rp2_common/hardware_claim/claim.c.obj
                0x100007c0                hw_claim_or_assert
 *fill*         0x100007f2        0x2 
 .text.spin_locks_reset
                0x100007f4       0x20 CMakeFiles/AS3935.dir/home/scott/Documents/pico/pico-sdk/src/rp2_common/hardware_sync/sync.c.obj
                0x100007f4                spin_locks_reset
 .text.next_striped_spin_lock_num
                0x10000814       0x1c CMakeFiles/AS3935.dir/home/scott/Documents/pico/pico-sdk/src/rp2_common/hardware_sync/sync.c.obj
                0x10000814                next_striped_spin_lock_num
 .text.set_raw_irq_handler_and_unlock
                0x10000830       0x28 CMakeFiles/AS3935.dir/home/scott/Documents/pico/pico-sdk/src/rp2_common/hardware_irq/irq.c.obj
 .text.resolve_branch
                0x10000858       0x30 CMakeFiles/AS3935.dir/home/scott/Documents/pico/pico-sdk/src/rp2_common/hardware_irq/irq.c.obj
 .text.make_branch
                0x10000888       0x48 CMakeFiles/AS3935.dir/home/scott/Documents/pico/pico-sdk/src/rp2_common/hardware_irq/irq.c.obj
 .text.insert_branch_and_link
                0x100008d0       0x40 CMakeFiles/AS3935.dir/home/scott/Documents/pico/pico-sdk/src/rp2_common/hardware_irq/irq.c.obj
 .text.irq_is_enabled
                0x10000910       0x18 CMakeFiles/AS3935.dir/home/scott/Documents/pico/pico-sdk/src/rp2_common/hardware_irq/irq.c.obj
                0x10000910                irq_is_enabled
 .text.irq_set_mask_enabled
                0x10000928       0x20 CMakeFiles/AS3935.dir/home/scott/Documents/pico/pico-sdk/src/rp2_common/hardware_irq/irq.c.obj
                0x10000928                irq_set_mask_enabled
 .text.irq_set_enabled
                0x10000948        0xe CMakeFiles/AS3935.dir/home/scott/Documents/pico/pico-sdk/src/rp2_common/hardware_irq/irq.c.obj
                0x10000948                irq_set_enabled
 *fill*         0x10000956        0x2 
 .text.irq_get_vtable_handler
                0x10000958       0x10 CMakeFiles/AS3935.dir/home/scott/Documents/pico/pico-sdk/src/rp2_common/hardware_irq/irq.c.obj
                0x10000958                irq_get_vtable_handler
 .text.irq_set_exclusive_handler
                0x10000968       0x54 CMakeFiles/AS3935.dir/home/scott/Documents/pico/pico-sdk/src/rp2_common/hardware_irq/irq.c.obj
                0x10000968                irq_set_exclusive_handler
 .text.irq_add_shared_handler
                0x100009bc      0x210 CMakeFiles/AS3935.dir/home/scott/Documents/pico/pico-sdk/src/rp2_common/hardware_irq/irq.c.obj
                0x100009bc                irq_add_shared_handler
 .text.irq_remove_handler
                0x10000bcc      0x188 CMakeFiles/AS3935.dir/home/scott/Documents/pico/pico-sdk/src/rp2_common/hardware_irq/irq.c.obj
                0x10000bcc                irq_remove_handler
 .text.irq_add_tail_to_free_list
                0x10000d54       0xf0 CMakeFiles/AS3935.dir/home/scott/Documents/pico/pico-sdk/src/rp2_common/hardware_irq/irq.c.obj
                0x10000d54                irq_add_tail_to_free_list
 .text.irq_init_priorities
                0x10000e44       0x1c CMakeFiles/AS3935.dir/home/scott/Documents/pico/pico-sdk/src/rp2_common/hardware_irq/irq.c.obj
                0x10000e44                irq_init_priorities
 .text.lock_init
                0x10000e60       0x10 CMakeFiles/AS3935.dir/home/scott/Documents/pico/pico-sdk/src/common/pico_sync/lock_core.c.obj
                0x10000e60                lock_init
 .text.mutex_init
                0x10000e70       0x1a CMakeFiles/AS3935.dir/home/scott/Documents/pico/pico-sdk/src/common/pico_sync/mutex.c.obj
                0x10000e70                mutex_init
 .text.recursive_mutex_init
                0x10000e8a       0x1e CMakeFiles/AS3935.dir/home/scott/Documents/pico/pico-sdk/src/common/pico_sync/mutex.c.obj
                0x10000e8a                recursive_mutex_init
 .text.time_reached
                0x10000ea8       0x28 CMakeFiles/AS3935.dir/home/scott/Documents/pico/pico-sdk/src/common/pico_time/time.c.obj
 .text.get_entry
                0x10000ed0       0x38 CMakeFiles/AS3935.dir/home/scott/Documents/pico/pico-sdk/src/common/pico_time/time.c.obj
 .text.timer_pool_entry_comparator
                0x10000f08       0x2e CMakeFiles/AS3935.dir/home/scott/Documents/pico/pico-sdk/src/common/pico_time/time.c.obj
                0x10000f08                timer_pool_entry_comparator
 *fill*         0x10000f36        0x2 
 .text.update_us_since_boot
                0x10000f38       0x24 CMakeFiles/AS3935.dir/home/scott/Documents/pico/pico-sdk/src/common/pico_time/time.c.obj
 .text.delayed_by_us
                0x10000f5c       0x34 CMakeFiles/AS3935.dir/home/scott/Documents/pico/pico-sdk/src/common/pico_time/time.c.obj
 .text.ph_get_node
                0x10000f90       0x30 CMakeFiles/AS3935.dir/home/scott/Documents/pico/pico-sdk/src/common/pico_time/time.c.obj
 .text.ph_contains_node
                0x10000fc0       0x1e CMakeFiles/AS3935.dir/home/scott/Documents/pico/pico-sdk/src/common/pico_time/time.c.obj
 .text.ph_new_node
                0x10000fde       0x28 CMakeFiles/AS3935.dir/home/scott/Documents/pico/pico-sdk/src/common/pico_time/time.c.obj
 *fill*         0x10001006        0x2 
 .text.ph_add_child_node
                0x10001008       0x6c CMakeFiles/AS3935.dir/home/scott/Documents/pico/pico-sdk/src/common/pico_time/time.c.obj
 .text.ph_merge_nodes
                0x10001074       0x3e CMakeFiles/AS3935.dir/home/scott/Documents/pico/pico-sdk/src/common/pico_time/time.c.obj
 *fill*         0x100010b2        0x2 
 .text.ph_insert_node
                0x100010b4       0x3c CMakeFiles/AS3935.dir/home/scott/Documents/pico/pico-sdk/src/common/pico_time/time.c.obj
 .text.ph_free_node
                0x100010f0       0x5c CMakeFiles/AS3935.dir/home/scott/Documents/pico/pico-sdk/src/common/pico_time/time.c.obj
 .text.get_entry_id_high
                0x1000114c       0x30 CMakeFiles/AS3935.dir/home/scott/Documents/pico/pico-sdk/src/common/pico_time/time.c.obj
 .text.alarm_pool_post_alloc_init
                0x1000117c       0x40 CMakeFiles/AS3935.dir/home/scott/Documents/pico/pico-sdk/src/common/pico_time/time.c.obj
 .text.sleep_until_callback
                0x100011bc       0x30 CMakeFiles/AS3935.dir/home/scott/Documents/pico/pico-sdk/src/common/pico_time/time.c.obj
 .text.get_absolute_time
                0x100011ec       0x22 CMakeFiles/AS3935.dir/home/scott/Documents/pico/pico-sdk/src/common/pico_time/time.c.obj
 .text.make_timeout_time_us
                0x1000120e       0x24 CMakeFiles/AS3935.dir/home/scott/Documents/pico/pico-sdk/src/common/pico_time/time.c.obj
 *fill*         0x10001232        0x2 
 .text.add_alarm_under_lock
                0x10001234       0x94 CMakeFiles/AS3935.dir/home/scott/Documents/pico/pico-sdk/src/common/pico_time/time.c.obj
 .text.alarm_pool_alarm_callback
                0x100012c8      0x210 CMakeFiles/AS3935.dir/home/scott/Documents/pico/pico-sdk/src/common/pico_time/time.c.obj
 .text.alarm_pool_init_default
                0x100014d8       0x40 CMakeFiles/AS3935.dir/home/scott/Documents/pico/pico-sdk/src/common/pico_time/time.c.obj
                0x100014d8                alarm_pool_init_default
 .text.alarm_pool_get_default
                0x10001518       0x2c CMakeFiles/AS3935.dir/home/scott/Documents/pico/pico-sdk/src/common/pico_time/time.c.obj
                0x10001518                alarm_pool_get_default
 .text.alarm_pool_add_alarm_at
                0x10001544      0x10e CMakeFiles/AS3935.dir/home/scott/Documents/pico/pico-sdk/src/common/pico_time/time.c.obj
                0x10001544                alarm_pool_add_alarm_at
 .text.add_alarm_at
                0x10001652       0x2e CMakeFiles/AS3935.dir/home/scott/Documents/pico/pico-sdk/src/common/pico_time/time.c.obj
 .text.alarm_pool_cancel_alarm
                0x10001680       0xa8 CMakeFiles/AS3935.dir/home/scott/Documents/pico/pico-sdk/src/common/pico_time/time.c.obj
                0x10001680                alarm_pool_cancel_alarm
 .text.cancel_alarm
                0x10001728       0x10 CMakeFiles/AS3935.dir/home/scott/Documents/pico/pico-sdk/src/common/pico_time/time.c.obj
 .text.sleep_until
                0x10001738       0xb0 CMakeFiles/AS3935.dir/home/scott/Documents/pico/pico-sdk/src/common/pico_time/time.c.obj
                0x10001738                sleep_until
 .text.sleep_us
                0x100017e8       0x1a CMakeFiles/AS3935.dir/home/scott/Documents/pico/pico-sdk/src/common/pico_time/time.c.obj
                0x100017e8                sleep_us
 .text.sleep_ms
                0x10001802       0x14 CMakeFiles/AS3935.dir/home/scott/Documents/pico/pico-sdk/src/common/pico_time/time.c.obj
                0x10001802                sleep_ms
 *fill*         0x10001816        0x2 
 .text.best_effort_wfe_or_timeout
                0x10001818       0x44 CMakeFiles/AS3935.dir/home/scott/Documents/pico/pico-sdk/src/common/pico_time/time.c.obj
                0x10001818                best_effort_wfe_or_timeout
 .text.update_us_since_boot
                0x1000185c       0x24 CMakeFiles/AS3935.dir/home/scott/Documents/pico/pico-sdk/src/rp2_common/hardware_timer/timer.c.obj
 .text.hardware_alarm_irq_handler
                0x10001880       0x8c CMakeFiles/AS3935.dir/home/scott/Documents/pico/pico-sdk/src/rp2_common/hardware_timer/timer.c.obj
 .text.hardware_alarm_claim
                0x1000190c       0x18 CMakeFiles/AS3935.dir/home/scott/Documents/pico/pico-sdk/src/rp2_common/hardware_timer/timer.c.obj
                0x1000190c                hardware_alarm_claim
 .text.time_us_64
                0x10001924       0x18 CMakeFiles/AS3935.dir/home/scott/Documents/pico/pico-sdk/src/rp2_common/hardware_timer/timer.c.obj
                0x10001924                time_us_64
 .text.busy_wait_until
                0x1000193c       0x28 CMakeFiles/AS3935.dir/home/scott/Documents/pico/pico-sdk/src/rp2_common/hardware_timer/timer.c.obj
                0x1000193c                busy_wait_until
 .text.busy_wait_us
                0x10001964       0x3a CMakeFiles/AS3935.dir/home/scott/Documents/pico/pico-sdk/src/rp2_common/hardware_timer/timer.c.obj
                0x10001964                busy_wait_us
 *fill*         0x1000199e        0x2 
 .text.hardware_alarm_set_callback
                0x100019a0       0x90 CMakeFiles/AS3935.dir/home/scott/Documents/pico/pico-sdk/src/rp2_common/hardware_timer/timer.c.obj
                0x100019a0                hardware_alarm_set_callback
 .text.hardware_alarm_set_target
                0x10001a30       0xe8 CMakeFiles/AS3935.dir/home/scott/Documents/pico/pico-sdk/src/rp2_common/hardware_timer/timer.c.obj
                0x10001a30                hardware_alarm_set_target
 .text.hardware_alarm_cancel
                0x10001b18       0x40 CMakeFiles/AS3935.dir/home/scott/Documents/pico/pico-sdk/src/rp2_common/hardware_timer/timer.c.obj
                0x10001b18                hardware_alarm_cancel
 .text.ph_get_node
                0x10001b58       0x30 CMakeFiles/AS3935.dir/home/scott/Documents/pico/pico-sdk/src/common/pico_util/pheap.c.obj
 .text.ph_add_child_node
                0x10001b88       0x6c CMakeFiles/AS3935.dir/home/scott/Documents/pico/pico-sdk/src/common/pico_util/pheap.c.obj
 .text.ph_merge_nodes
                0x10001bf4       0x3e CMakeFiles/AS3935.dir/home/scott/Documents/pico/pico-sdk/src/common/pico_util/pheap.c.obj
 .text.ph_clear
                0x10001c32       0x34 CMakeFiles/AS3935.dir/home/scott/Documents/pico/pico-sdk/src/common/pico_util/pheap.c.obj
                0x10001c32                ph_clear
 .text.ph_post_alloc_init
                0x10001c66        0xe CMakeFiles/AS3935.dir/home/scott/Documents/pico/pico-sdk/src/common/pico_util/pheap.c.obj
                0x10001c66                ph_post_alloc_init
 .text.ph_merge_two_pass
                0x10001c74       0x5c CMakeFiles/AS3935.dir/home/scott/Documents/pico/pico-sdk/src/common/pico_util/pheap.c.obj
                0x10001c74                ph_merge_two_pass
 .text.ph_remove_any_head
                0x10001cd0       0xc0 CMakeFiles/AS3935.dir/home/scott/Documents/pico/pico-sdk/src/common/pico_util/pheap.c.obj
 .text.ph_remove_head
                0x10001d90       0x14 CMakeFiles/AS3935.dir/home/scott/Documents/pico/pico-sdk/src/common/pico_util/pheap.c.obj
                0x10001d90                ph_remove_head
 .text.ph_remove_and_free_node
                0x10001da4       0xa0 CMakeFiles/AS3935.dir/home/scott/Documents/pico/pico-sdk/src/common/pico_util/pheap.c.obj
                0x10001da4                ph_remove_and_free_node
 .text.uart_disable_before_lcr_write
                0x10001e44       0x48 CMakeFiles/AS3935.dir/home/scott/Documents/pico/pico-sdk/src/rp2_common/hardware_uart/uart.c.obj
 .text.uart_write_lcr_bits_masked
                0x10001e8c       0x22 CMakeFiles/AS3935.dir/home/scott/Documents/pico/pico-sdk/src/rp2_common/hardware_uart/uart.c.obj
 *fill*         0x10001eae        0x2 
 .text.uart_set_baudrate
                0x10001eb0       0x5c CMakeFiles/AS3935.dir/home/scott/Documents/pico/pico-sdk/src/rp2_common/hardware_uart/uart.c.obj
                0x10001eb0                uart_set_baudrate
 .text.uart_set_format
                0x10001f0c       0x2c CMakeFiles/AS3935.dir/home/scott/Documents/pico/pico-sdk/src/rp2_common/hardware_uart/uart.c.obj
                0x10001f0c                uart_set_format
 .text.uart_set_translate_crlf
                0x10001f38       0x28 CMakeFiles/AS3935.dir/home/scott/Documents/pico/pico-sdk/src/rp2_common/hardware_uart/uart.c.obj
                0x10001f38                uart_set_translate_crlf
 .text.uart_init
                0x10001f60       0x80 CMakeFiles/AS3935.dir/home/scott/Documents/pico/pico-sdk/src/rp2_common/hardware_uart/uart.c.obj
                0x10001f60                uart_init
 .text.clock_configure
                0x10001fe0      0x108 CMakeFiles/AS3935.dir/home/scott/Documents/pico/pico-sdk/src/rp2_common/hardware_clocks/clocks.c.obj
                0x10001fe0                clock_configure
 .text.clocks_init
                0x100020e8      0x100 CMakeFiles/AS3935.dir/home/scott/Documents/pico/pico-sdk/src/rp2_common/hardware_clocks/clocks.c.obj
                0x100020e8                clocks_init
 .text.clock_get_hz
                0x100021e8        0xc CMakeFiles/AS3935.dir/home/scott/Documents/pico/pico-sdk/src/rp2_common/hardware_clocks/clocks.c.obj
                0x100021e8                clock_get_hz
 .text.pll_init
                0x100021f4      0x120 CMakeFiles/AS3935.dir/home/scott/Documents/pico/pico-sdk/src/rp2_common/hardware_pll/pll.c.obj
                0x100021f4                pll_init
 .text.watchdog_start_tick
                0x10002314       0x10 CMakeFiles/AS3935.dir/home/scott/Documents/pico/pico-sdk/src/rp2_common/hardware_watchdog/watchdog.c.obj
                0x10002314                watchdog_start_tick
 .text.xosc_init
                0x10002324       0x28 CMakeFiles/AS3935.dir/home/scott/Documents/pico/pico-sdk/src/rp2_common/hardware_xosc/xosc.c.obj
                0x10002324                xosc_init
 .text._exit    0x1000234c        0x4 CMakeFiles/AS3935.dir/home/scott/Documents/pico/pico-sdk/src/rp2_common/pico_runtime/runtime.c.obj
                0x1000234c                _exit
 .text.exit     0x10002350        0x6 CMakeFiles/AS3935.dir/home/scott/Documents/pico/pico-sdk/src/rp2_common/pico_runtime/runtime.c.obj
                0x10002350                exit
 *fill*         0x10002356        0x2 
 .text.__assert_func
                0x10002358       0x38 CMakeFiles/AS3935.dir/home/scott/Documents/pico/pico-sdk/src/rp2_common/pico_runtime/runtime.c.obj
                0x10002358                __assert_func
 .text.runtime_init
                0x10002390       0xf8 CMakeFiles/AS3935.dir/home/scott/Documents/pico/pico-sdk/src/rp2_common/pico_runtime/runtime.c.obj
                0x10002390                runtime_init
 .text.panic    0x10002488       0x30 CMakeFiles/AS3935.dir/home/scott/Documents/pico/pico-sdk/src/rp2_common/pico_runtime/runtime.c.obj
                0x10002488                panic
 .text._out_null
                0x100024b8        0x2 CMakeFiles/AS3935.dir/home/scott/Documents/pico/pico-sdk/src/rp2_common/pico_printf/printf.c.obj
 .text._out_fct
                0x100024ba        0xe CMakeFiles/AS3935.dir/home/scott/Documents/pico/pico-sdk/src/rp2_common/pico_printf/printf.c.obj
 .text._atoi    0x100024c8       0x24 CMakeFiles/AS3935.dir/home/scott/Documents/pico/pico-sdk/src/rp2_common/pico_printf/printf.c.obj
 .text._out_rev
                0x100024ec       0xae CMakeFiles/AS3935.dir/home/scott/Documents/pico/pico-sdk/src/rp2_common/pico_printf/printf.c.obj
 .text._ntoa_format
                0x1000259a      0x110 CMakeFiles/AS3935.dir/home/scott/Documents/pico/pico-sdk/src/rp2_common/pico_printf/printf.c.obj
 .text._ntoa_long
                0x100026aa       0xbc CMakeFiles/AS3935.dir/home/scott/Documents/pico/pico-sdk/src/rp2_common/pico_printf/printf.c.obj
 .text._ntoa_long_long
                0x10002766      0x10e CMakeFiles/AS3935.dir/home/scott/Documents/pico/pico-sdk/src/rp2_common/pico_printf/printf.c.obj
 .text._etoa    0x10002874      0x420 CMakeFiles/AS3935.dir/home/scott/Documents/pico/pico-sdk/src/rp2_common/pico_printf/printf.c.obj
 .text._ftoa    0x10002c94      0x354 CMakeFiles/AS3935.dir/home/scott/Documents/pico/pico-sdk/src/rp2_common/pico_printf/printf.c.obj
 .text._vsnprintf
                0x10002fe8      0x65c CMakeFiles/AS3935.dir/home/scott/Documents/pico/pico-sdk/src/rp2_common/pico_printf/printf.c.obj
 .text.vfctprintf
                0x10003644       0x20 CMakeFiles/AS3935.dir/home/scott/Documents/pico/pico-sdk/src/rp2_common/pico_printf/printf.c.obj
                0x10003644                vfctprintf
 .text          0x10003664       0x10 CMakeFiles/AS3935.dir/home/scott/Documents/pico/pico-sdk/src/rp2_common/pico_bit_ops/bit_ops_aeabi.S.obj
 .text.rom_func_lookup
                0x10003674       0x10 CMakeFiles/AS3935.dir/home/scott/Documents/pico/pico-sdk/src/rp2_common/pico_bootrom/bootrom.c.obj
                0x10003674                rom_func_lookup
 .text.rom_data_lookup
                0x10003684       0x10 CMakeFiles/AS3935.dir/home/scott/Documents/pico/pico-sdk/src/rp2_common/pico_bootrom/bootrom.c.obj
                0x10003684                rom_data_lookup
 .text.rom_funcs_lookup
                0x10003694       0x36 CMakeFiles/AS3935.dir/home/scott/Documents/pico/pico-sdk/src/rp2_common/pico_bootrom/bootrom.c.obj
                0x10003694                rom_funcs_lookup
 *fill*         0x100036ca        0x2 
 .text.__wrap___aeabi_idiv
                0x100036cc       0x50 CMakeFiles/AS3935.dir/home/scott/Documents/pico/pico-sdk/src/rp2_common/pico_divider/divider.S.obj
                0x100036cc                __wrap___aeabi_idivmod
                0x100036cc                divmod_s32s32
                0x100036cc                div_s32s32
                0x100036cc                __wrap___aeabi_idiv
                0x100036d4                divmod_s32s32_unsafe
                0x10003700                divmod_s32s32_savestate
 .text.__wrap___aeabi_uidiv
                0x1000371c       0x4c CMakeFiles/AS3935.dir/home/scott/Documents/pico/pico-sdk/src/rp2_common/pico_divider/divider.S.obj
                0x1000371c                __wrap___aeabi_uidiv
                0x1000371c                __wrap___aeabi_uidivmod
                0x1000371c                div_u32u32
                0x1000371c                divmod_u32u32
                0x10003724                divmod_u32u32_unsafe
                0x1000374c                divmod_u32u32_savestate
 .text.__wrap___aeabi_ldiv
                0x10003768      0x424 CMakeFiles/AS3935.dir/home/scott/Documents/pico/pico-sdk/src/rp2_common/pico_divider/divider.S.obj
                0x10003768                div_s64s64
                0x10003768                divmod_s64s64
                0x10003768                __wrap___aeabi_ldivmod
                0x10003798                div_u64u64
                0x10003798                divmod_u64u64
                0x10003798                __wrap___aeabi_uldivmod
                0x100037a8                divmod_u64u64_savestate
                0x100037c8                divmod_s64s64_unsafe
                0x10003850                divmod_u64u64_unsafe
 .text.__wrap___aeabi_darithmetic
                0x10003b8c       0x80 CMakeFiles/AS3935.dir/home/scott/Documents/pico/pico-sdk/src/rp2_common/pico_double/double_aeabi.S.obj
                0x10003b8c                __wrap___aeabi_drsub
                0x10003b92                __wrap___aeabi_dsub
                0x10003ba4                __wrap___aeabi_dadd
                0x10003bb6                __wrap___aeabi_ddiv
                0x10003bf2                __wrap___aeabi_dmul
 .text.__wrap___aeabi_cdcmple
                0x10003c0c       0x6c CMakeFiles/AS3935.dir/home/scott/Documents/pico/pico-sdk/src/rp2_common/pico_double/double_aeabi.S.obj
                0x10003c0c                __wrap___aeabi_cdrcmple
                0x10003c1c                __wrap___aeabi_cdcmple
                0x10003c1c                __wrap___aeabi_cdcmpeq
 .text.__wrap___aeabi_dcmplt
                0x10003c78        0xc CMakeFiles/AS3935.dir/home/scott/Documents/pico/pico-sdk/src/rp2_common/pico_double/double_aeabi.S.obj
                0x10003c78                __wrap___aeabi_dcmplt
 .text.__wrap___aeabi_dcmple
                0x10003c84       0x10 CMakeFiles/AS3935.dir/home/scott/Documents/pico/pico-sdk/src/rp2_common/pico_double/double_aeabi.S.obj
                0x10003c84                __wrap___aeabi_dcmple
 .text.__wrap___aeabi_dcmpge
                0x10003c94       0x10 CMakeFiles/AS3935.dir/home/scott/Documents/pico/pico-sdk/src/rp2_common/pico_double/double_aeabi.S.obj
                0x10003c94                __wrap___aeabi_dcmpge
 .text.__wrap___aeabi_dcmpgt
                0x10003ca4        0xa CMakeFiles/AS3935.dir/home/scott/Documents/pico/pico-sdk/src/rp2_common/pico_double/double_aeabi.S.obj
                0x10003ca4                __wrap___aeabi_dcmpgt
 .text.__wrap___aeabi_dcmpun
                0x10003cae       0x1c CMakeFiles/AS3935.dir/home/scott/Documents/pico/pico-sdk/src/rp2_common/pico_double/double_aeabi.S.obj
                0x10003cae                __wrap___aeabi_dcmpun
 *fill*         0x10003cca        0x2 
 .text.__wrap___aeabi_i2d
                0x10003ccc       0x38 CMakeFiles/AS3935.dir/home/scott/Documents/pico/pico-sdk/src/rp2_common/pico_double/double_aeabi.S.obj
                0x10003ccc                __wrap___aeabi_ui2d
                0x10003cd4                __wrap___aeabi_i2d
 .text.__wrap___aeabi_d2iz
                0x10003d04       0x48 CMakeFiles/AS3935.dir/home/scott/Documents/pico/pico-sdk/src/rp2_common/pico_double/double_aeabi.S.obj
                0x10003d04                __wrap___aeabi_d2iz
                0x10003d04                double2int_z
 .text.__wrap___aeabi_d2uiz
                0x10003d4c       0x18 CMakeFiles/AS3935.dir/home/scott/Documents/pico/pico-sdk/src/rp2_common/pico_double/double_aeabi.S.obj
                0x10003d4c                double2uint
                0x10003d4c                __wrap___aeabi_d2uiz
 .text.__aeabi_double_init
                0x10003d64       0xcc CMakeFiles/AS3935.dir/home/scott/Documents/pico/pico-sdk/src/rp2_common/pico_double/double_init_rom.c.obj
                0x10003d64                __aeabi_double_init
 .text.double_table_shim_on_use_helper
                0x10003e30       0x34 CMakeFiles/AS3935.dir/home/scott/Documents/pico/pico-sdk/src/rp2_common/pico_double/double_v1_rom_shim.S.obj
                0x10003e30                double_table_shim_on_use_helper
 .text.__wrap___aeabi_dsub
                0x10003e64       0x10 CMakeFiles/AS3935.dir/home/scott/Documents/pico/pico-sdk/src/rp2_common/pico_double/double_v1_rom_shim.S.obj
                0x10003e64                drsub_shim
                0x10003e6a                dsub_shim
 .text.dadd_shim
                0x10003e74      0x15c CMakeFiles/AS3935.dir/home/scott/Documents/pico/pico-sdk/src/rp2_common/pico_double/double_v1_rom_shim.S.obj
                0x10003e74                dadd_shim
 .text.dmul_shim
                0x10003fd0      0x15c CMakeFiles/AS3935.dir/home/scott/Documents/pico/pico-sdk/src/rp2_common/pico_double/double_v1_rom_shim.S.obj
                0x10003fd0                dmul_shim
 .text.ddiv_shim
                0x1000412c      0x1b0 CMakeFiles/AS3935.dir/home/scott/Documents/pico/pico-sdk/src/rp2_common/pico_double/double_v1_rom_shim.S.obj
                0x1000412c                ddiv_shim
 .text.double2uint_shim
                0x100042dc        0xe CMakeFiles/AS3935.dir/home/scott/Documents/pico/pico-sdk/src/rp2_common/pico_double/double_v1_rom_shim.S.obj
                0x100042dc                double2uint_shim
                0x100042de                double2ufix_shim
 *fill*         0x100042ea        0x2 
 .text.double2uint64_shim
                0x100042ec       0x70 CMakeFiles/AS3935.dir/home/scott/Documents/pico/pico-sdk/src/rp2_common/pico_double/double_v1_rom_shim.S.obj
                0x100042ec                double2uint64_shim
                0x100042ee                double2ufix64_shim
                0x1000430e                d2fix_a
 .text.dunpacks
                0x1000435c       0x3c CMakeFiles/AS3935.dir/home/scott/Documents/pico/pico-sdk/src/rp2_common/pico_double/double_v1_rom_shim.S.obj
                0x1000435c                dunpacks
 .text.__aeabi_lmul
                0x10004398       0x32 CMakeFiles/AS3935.dir/home/scott/Documents/pico/pico-sdk/src/rp2_common/pico_int64_ops/pico_int64_ops_aeabi.S.obj
                0x10004398                __wrap___aeabi_lmul
 *fill*         0x100043ca        0x2 
 .text.__aeabi_float_init
                0x100043cc       0xfc CMakeFiles/AS3935.dir/home/scott/Documents/pico/pico-sdk/src/rp2_common/pico_float/float_init_rom.c.obj
                0x100043cc                __aeabi_float_init
 .text.float_table_shim_on_use_helper
                0x100044c8       0x34 CMakeFiles/AS3935.dir/home/scott/Documents/pico/pico-sdk/src/rp2_common/pico_float/float_v1_rom_shim.S.obj
                0x100044c8                float_table_shim_on_use_helper
 .text          0x100044fc       0x10 CMakeFiles/AS3935.dir/home/scott/Documents/pico/pico-sdk/src/rp2_common/pico_mem_ops/mem_ops_aeabi.S.obj
                0x100044fc                __aeabi_mem_init
 .text.memcpy   0x1000450c        0xc CMakeFiles/AS3935.dir/home/scott/Documents/pico/pico-sdk/src/rp2_common/pico_mem_ops/mem_ops_aeabi.S.obj
                0x1000450c                __wrap___aeabi_memcpy
                0x1000450c                __wrap_memcpy
 .text.stdio_out_chars_no_crlf
                0x10004518        0xe CMakeFiles/AS3935.dir/home/scott/Documents/pico/pico-sdk/src/rp2_common/pico_stdio/stdio.c.obj
 *fill*         0x10004526        0x2 
 .text.stdio_out_chars_crlf
                0x10004528       0x80 CMakeFiles/AS3935.dir/home/scott/Documents/pico/pico-sdk/src/rp2_common/pico_stdio/stdio.c.obj
 .text.stdio_stack_buffer_flush
                0x100045a8       0x44 CMakeFiles/AS3935.dir/home/scott/Documents/pico/pico-sdk/src/rp2_common/pico_stdio/stdio.c.obj
 .text.stdio_buffered_printer
                0x100045ec       0x20 CMakeFiles/AS3935.dir/home/scott/Documents/pico/pico-sdk/src/rp2_common/pico_stdio/stdio.c.obj
 .text.update_us_since_boot
                0x1000460c       0x24 CMakeFiles/AS3935.dir/home/scott/Documents/pico/pico-sdk/src/rp2_common/pico_stdio/stdio.c.obj
 .text.get_absolute_time
                0x10004630       0x22 CMakeFiles/AS3935.dir/home/scott/Documents/pico/pico-sdk/src/rp2_common/pico_stdio/stdio.c.obj
 *fill*         0x10004652        0x2 
 .text.delayed_by_ms
                0x10004654       0x44 CMakeFiles/AS3935.dir/home/scott/Documents/pico/pico-sdk/src/rp2_common/pico_stdio/stdio.c.obj
 .text.make_timeout_time_ms
                0x10004698       0x20 CMakeFiles/AS3935.dir/home/scott/Documents/pico/pico-sdk/src/rp2_common/pico_stdio/stdio.c.obj
 .text.stdout_serialize_begin
                0x100046b8       0x20 CMakeFiles/AS3935.dir/home/scott/Documents/pico/pico-sdk/src/rp2_common/pico_stdio/stdio.c.obj
                0x100046b8                stdout_serialize_begin
 .text.stdout_serialize_end
                0x100046d8       0x10 CMakeFiles/AS3935.dir/home/scott/Documents/pico/pico-sdk/src/rp2_common/pico_stdio/stdio.c.obj
                0x100046d8                stdout_serialize_end
 .text.stdio_put_string
                0x100046e8       0x98 CMakeFiles/AS3935.dir/home/scott/Documents/pico/pico-sdk/src/rp2_common/pico_stdio/stdio.c.obj
 .text.stdio_set_driver_enabled
                0x10004780       0x2c CMakeFiles/AS3935.dir/home/scott/Documents/pico/pico-sdk/src/rp2_common/pico_stdio/stdio.c.obj
                0x10004780                stdio_set_driver_enabled
 .text.stdio_flush
                0x100047ac       0x20 CMakeFiles/AS3935.dir/home/scott/Documents/pico/pico-sdk/src/rp2_common/pico_stdio/stdio.c.obj
                0x100047ac                stdio_flush
 .text.__wrap_puts
                0x100047cc       0x1e CMakeFiles/AS3935.dir/home/scott/Documents/pico/pico-sdk/src/rp2_common/pico_stdio/stdio.c.obj
                0x100047cc                __wrap_puts
 *fill*         0x100047ea        0x2 
 .text.__wrap_vprintf
                0x100047ec       0x40 CMakeFiles/AS3935.dir/home/scott/Documents/pico/pico-sdk/src/rp2_common/pico_stdio/stdio.c.obj
                0x100047ec                __wrap_vprintf
 .text.__wrap_printf
                0x1000482c       0x18 CMakeFiles/AS3935.dir/home/scott/Documents/pico/pico-sdk/src/rp2_common/pico_stdio/stdio.c.obj
                0x1000482c                __wrap_printf
 .text.stdio_init_all
                0x10004844        0xa CMakeFiles/AS3935.dir/home/scott/Documents/pico/pico-sdk/src/rp2_common/pico_stdio/stdio.c.obj
                0x10004844                stdio_init_all
 *fill*         0x1000484e        0x2 
 .text.uart_putc
                0x10004850       0x60 CMakeFiles/AS3935.dir/home/scott/Documents/pico/pico-sdk/src/rp2_common/pico_stdio_uart/stdio_uart.c.obj
 .text.uart_getc
                0x100048b0       0x24 CMakeFiles/AS3935.dir/home/scott/Documents/pico/pico-sdk/src/rp2_common/pico_stdio_uart/stdio_uart.c.obj
 .text.stdio_uart_out_chars
                0x100048d4       0x20 CMakeFiles/AS3935.dir/home/scott/Documents/pico/pico-sdk/src/rp2_common/pico_stdio_uart/stdio_uart.c.obj
 .text.stdio_uart_in_chars
                0x100048f4       0x5c CMakeFiles/AS3935.dir/home/scott/Documents/pico/pico-sdk/src/rp2_common/pico_stdio_uart/stdio_uart.c.obj
                0x100048f4                stdio_uart_in_chars
 .text.on_uart_rx
                0x10004950       0x28 CMakeFiles/AS3935.dir/home/scott/Documents/pico/pico-sdk/src/rp2_common/pico_stdio_uart/stdio_uart.c.obj
 .text.stdio_uart_set_chars_available_callback
                0x10004978       0x8c CMakeFiles/AS3935.dir/home/scott/Documents/pico/pico-sdk/src/rp2_common/pico_stdio_uart/stdio_uart.c.obj
 .text.stdio_uart_init_full
                0x10004a04       0x44 CMakeFiles/AS3935.dir/home/scott/Documents/pico/pico-sdk/src/rp2_common/pico_stdio_uart/stdio_uart.c.obj
                0x10004a04                stdio_uart_init_full
 .text.stdio_uart_init
                0x10004a48       0x28 CMakeFiles/AS3935.dir/home/scott/Documents/pico/pico-sdk/src/rp2_common/pico_stdio_uart/stdio_uart.c.obj
                0x10004a48                stdio_uart_init
 .text.spi_set_baudrate
                0x10004a70       0xc2 CMakeFiles/AS3935.dir/home/scott/Documents/pico/pico-sdk/src/rp2_common/hardware_spi/spi.c.obj
                0x10004a70                spi_set_baudrate
 *fill*         0x10004b32        0x2 
 .text.spi_init
                0x10004b34       0x74 CMakeFiles/AS3935.dir/home/scott/Documents/pico/pico-sdk/src/rp2_common/hardware_spi/spi.c.obj
                0x10004b34                spi_init
 .text          0x10004ba8       0x5c /usr/lib/gcc/arm-none-eabi/12.2.1/../../../arm-none-eabi/lib/thumb/v6-m/nofp/libg.a(lib_a-strlen-stub.o)
                0x10004ba8                strlen
 *(.fini)
 .fini          0x10004c04        0x4 /usr/lib/gcc/arm-none-eabi/12.2.1/thumb/v6-m/nofp/crti.o
                0x10004c04                _fini
 .fini.__stub   0x10004c08       0x60 linker stubs
 *crtbegin.o(.ctors)
 *crtbegin?.o(.ctors)
 *(EXCLUDE_FILE(*crtend.o *crtend?.o) .ctors)
 *(SORT_BY_NAME(.ctors.*))
 *(.ctors)
 *crtbegin.o(.dtors)
 *crtbegin?.o(.dtors)
 *(EXCLUDE_FILE(*crtend.o *crtend?.o) .dtors)
 *(SORT_BY_NAME(.dtors.*))
 *(.dtors)
 *(.eh_frame*)
 .eh_frame      0x10004c68        0x0 /usr/lib/gcc/arm-none-eabi/12.2.1/thumb/v6-m/nofp/crtbegin.o
                0x10004c68                        . = ALIGN (0x4)

.glue_7         0x10004c68        0x0
 .glue_7        0x10004c68        0x0 linker stubs

.glue_7t        0x10004c68        0x0
 .glue_7t       0x10004c68        0x0 linker stubs

.vfp11_veneer   0x10004c68        0x0
 .vfp11_veneer  0x10004c68        0x0 linker stubs

.v4_bx          0x10004c68        0x0
 .v4_bx         0x10004c68        0x0 linker stubs

.iplt           0x10004c68        0x0
 .iplt          0x10004c68        0x0 /usr/lib/gcc/arm-none-eabi/12.2.1/thumb/v6-m/nofp/crtbegin.o

.rodata         0x10004c68      0xfa8
 *(EXCLUDE_FILE(*libm.a: *libc.a:*lib_a-mem*.o *libgcc.a:) .rodata*)
 .rodata.interrupt_handler.str1.4
                0x10004c68       0x1c CMakeFiles/AS3935.dir/main.c.obj
 .rodata        0x10004c84        0x8 CMakeFiles/AS3935.dir/main.c.obj
 .rodata.as3935_print_registers.str1.4
                0x10004c8c       0x19 CMakeFiles/AS3935.dir/src/as3935.c.obj
 *fill*         0x10004ca5        0x3 
 .rodata.resolve_branch.str1.4
                0x10004ca8       0x5e CMakeFiles/AS3935.dir/home/scott/Documents/pico/pico-sdk/src/rp2_common/hardware_irq/irq.c.obj
 *fill*         0x10004d06        0x2 
 .rodata.make_branch.str1.4
                0x10004d08       0x30 CMakeFiles/AS3935.dir/home/scott/Documents/pico/pico-sdk/src/rp2_common/hardware_irq/irq.c.obj
 .rodata.insert_branch_and_link.str1.4
                0x10004d38       0x10 CMakeFiles/AS3935.dir/home/scott/Documents/pico/pico-sdk/src/rp2_common/hardware_irq/irq.c.obj
 .rodata.irq_set_exclusive_handler.str1.4
                0x10004d48       0x36 CMakeFiles/AS3935.dir/home/scott/Documents/pico/pico-sdk/src/rp2_common/hardware_irq/irq.c.obj
 *fill*         0x10004d7e        0x2 
 .rodata.irq_add_shared_handler.str1.4
                0x10004d80       0xc2 CMakeFiles/AS3935.dir/home/scott/Documents/pico/pico-sdk/src/rp2_common/hardware_irq/irq.c.obj
 *fill*         0x10004e42        0x2 
 .rodata.irq_remove_handler.str1.4
                0x10004e44       0x3a CMakeFiles/AS3935.dir/home/scott/Documents/pico/pico-sdk/src/rp2_common/hardware_irq/irq.c.obj
 *fill*         0x10004e7e        0x2 
 .rodata.irq_add_tail_to_free_list.str1.4
                0x10004e80       0x3a CMakeFiles/AS3935.dir/home/scott/Documents/pico/pico-sdk/src/rp2_common/hardware_irq/irq.c.obj
 *fill*         0x10004eba        0x2 
 .rodata.__func__.0
                0x10004ebc       0x1a CMakeFiles/AS3935.dir/home/scott/Documents/pico/pico-sdk/src/rp2_common/hardware_irq/irq.c.obj
 *fill*         0x10004ed6        0x2 
 .rodata.__func__.1
                0x10004ed8       0x17 CMakeFiles/AS3935.dir/home/scott/Documents/pico/pico-sdk/src/rp2_common/hardware_irq/irq.c.obj
 *fill*         0x10004eef        0x1 
 .rodata.__func__.2
                0x10004ef0       0x13 CMakeFiles/AS3935.dir/home/scott/Documents/pico/pico-sdk/src/rp2_common/hardware_irq/irq.c.obj
 *fill*         0x10004f03        0x1 
 .rodata.__func__.3
                0x10004f04        0xc CMakeFiles/AS3935.dir/home/scott/Documents/pico/pico-sdk/src/rp2_common/hardware_irq/irq.c.obj
 .rodata.__func__.4
                0x10004f10        0xf CMakeFiles/AS3935.dir/home/scott/Documents/pico/pico-sdk/src/rp2_common/hardware_irq/irq.c.obj
 *fill*         0x10004f1f        0x1 
 .rodata.__func__.5
                0x10004f20       0x17 CMakeFiles/AS3935.dir/home/scott/Documents/pico/pico-sdk/src/rp2_common/hardware_irq/irq.c.obj
 *fill*         0x10004f37        0x1 
 .rodata.__func__.6
                0x10004f38       0x1a CMakeFiles/AS3935.dir/home/scott/Documents/pico/pico-sdk/src/rp2_common/hardware_irq/irq.c.obj
 *fill*         0x10004f52        0x2 
 .rodata.str1.4
                0x10004f54       0x95 CMakeFiles/AS3935.dir/home/scott/Documents/pico/pico-sdk/src/common/pico_sync/mutex.c.obj
 *fill*         0x10004fe9        0x3 
 .rodata.__func__.1
                0x10004fec        0xb CMakeFiles/AS3935.dir/home/scott/Documents/pico/pico-sdk/src/common/pico_sync/mutex.c.obj
 *fill*         0x10004ff7        0x1 
 .rodata.__func__.3
                0x10004ff8       0x18 CMakeFiles/AS3935.dir/home/scott/Documents/pico/pico-sdk/src/common/pico_sync/mutex.c.obj
 .rodata.get_entry.str1.4
                0x10005010       0x64 CMakeFiles/AS3935.dir/home/scott/Documents/pico/pico-sdk/src/common/pico_time/time.c.obj
 .rodata.update_us_since_boot.str1.4
                0x10005074       0x6a CMakeFiles/AS3935.dir/home/scott/Documents/pico/pico-sdk/src/common/pico_time/time.c.obj
 *fill*         0x100050de        0x2 
 .rodata.ph_get_node.str1.4
                0x100050e0       0x6f CMakeFiles/AS3935.dir/home/scott/Documents/pico/pico-sdk/src/common/pico_time/time.c.obj
 *fill*         0x1000514f        0x1 
 .rodata.ph_add_child_node.str1.4
                0x10005150       0x2e CMakeFiles/AS3935.dir/home/scott/Documents/pico/pico-sdk/src/common/pico_time/time.c.obj
 *fill*         0x1000517e        0x2 
 .rodata.ph_insert_node.str1.4
                0x10005180        0x3 CMakeFiles/AS3935.dir/home/scott/Documents/pico/pico-sdk/src/common/pico_time/time.c.obj
 *fill*         0x10005183        0x1 
 .rodata.ph_free_node.str1.4
                0x10005184       0x38 CMakeFiles/AS3935.dir/home/scott/Documents/pico/pico-sdk/src/common/pico_time/time.c.obj
 .rodata.add_alarm_under_lock.str1.4
                0x100051bc       0x28 CMakeFiles/AS3935.dir/home/scott/Documents/pico/pico-sdk/src/common/pico_time/time.c.obj
 .rodata.alarm_pool_alarm_callback.str1.4
                0x100051e4       0x60 CMakeFiles/AS3935.dir/home/scott/Documents/pico/pico-sdk/src/common/pico_time/time.c.obj
 .rodata.alarm_pool_get_default.str1.4
                0x10005244       0x21 CMakeFiles/AS3935.dir/home/scott/Documents/pico/pico-sdk/src/common/pico_time/time.c.obj
 *fill*         0x10005265        0x3 
 .rodata.alarm_pool_cancel_alarm.str1.4
                0x10005268       0x27 CMakeFiles/AS3935.dir/home/scott/Documents/pico/pico-sdk/src/common/pico_time/time.c.obj
 *fill*         0x1000528f        0x1 
 .rodata.sleep_until.str1.4
                0x10005290       0x4d CMakeFiles/AS3935.dir/home/scott/Documents/pico/pico-sdk/src/common/pico_time/time.c.obj
 *fill*         0x100052dd        0x3 
 .rodata.__func__.1
                0x100052e0       0x18 CMakeFiles/AS3935.dir/home/scott/Documents/pico/pico-sdk/src/common/pico_time/time.c.obj
 .rodata.__func__.3
                0x100052f8       0x17 CMakeFiles/AS3935.dir/home/scott/Documents/pico/pico-sdk/src/common/pico_time/time.c.obj
 *fill*         0x1000530f        0x1 
 .rodata.__func__.4
                0x10005310       0x12 CMakeFiles/AS3935.dir/home/scott/Documents/pico/pico-sdk/src/common/pico_time/time.c.obj
 *fill*         0x10005322        0x2 
 .rodata.__func__.5
                0x10005324        0xd CMakeFiles/AS3935.dir/home/scott/Documents/pico/pico-sdk/src/common/pico_time/time.c.obj
 *fill*         0x10005331        0x3 
 .rodata.__func__.6
                0x10005334       0x12 CMakeFiles/AS3935.dir/home/scott/Documents/pico/pico-sdk/src/common/pico_time/time.c.obj
 *fill*         0x10005346        0x2 
 .rodata.__func__.7
                0x10005348        0xf CMakeFiles/AS3935.dir/home/scott/Documents/pico/pico-sdk/src/common/pico_time/time.c.obj
 *fill*         0x10005357        0x1 
 .rodata.__func__.8
                0x10005358        0xc CMakeFiles/AS3935.dir/home/scott/Documents/pico/pico-sdk/src/common/pico_time/time.c.obj
 .rodata.__func__.9
                0x10005364       0x15 CMakeFiles/AS3935.dir/home/scott/Documents/pico/pico-sdk/src/common/pico_time/time.c.obj
 *fill*         0x10005379        0x3 
 .rodata.__func__.10
                0x1000537c       0x15 CMakeFiles/AS3935.dir/home/scott/Documents/pico/pico-sdk/src/common/pico_time/time.c.obj
 *fill*         0x10005391        0x3 
 .rodata.__func__.11
                0x10005394       0x1a CMakeFiles/AS3935.dir/home/scott/Documents/pico/pico-sdk/src/common/pico_time/time.c.obj
 *fill*         0x100053ae        0x2 
 .rodata.__func__.12
                0x100053b0        0xa CMakeFiles/AS3935.dir/home/scott/Documents/pico/pico-sdk/src/common/pico_time/time.c.obj
 .rodata.update_us_since_boot.str1.4
                0x100053ba       0x6a CMakeFiles/AS3935.dir/home/scott/Documents/pico/pico-sdk/src/rp2_common/hardware_timer/timer.c.obj
 *fill*         0x100053ba        0x2 
 .rodata.hardware_alarm_claim.str1.4
                0x100053bc       0x22 CMakeFiles/AS3935.dir/home/scott/Documents/pico/pico-sdk/src/rp2_common/hardware_timer/timer.c.obj
 *fill*         0x100053de        0x2 
 .rodata.hardware_alarm_set_target.str1.4
                0x100053e0       0x6e CMakeFiles/AS3935.dir/home/scott/Documents/pico/pico-sdk/src/rp2_common/hardware_timer/timer.c.obj
 *fill*         0x1000544e        0x2 
 .rodata.__func__.0
                0x10005450       0x1a CMakeFiles/AS3935.dir/home/scott/Documents/pico/pico-sdk/src/rp2_common/hardware_timer/timer.c.obj
 *fill*         0x1000546a        0x2 
 .rodata.__func__.1
                0x1000546c       0x15 CMakeFiles/AS3935.dir/home/scott/Documents/pico/pico-sdk/src/rp2_common/hardware_timer/timer.c.obj
 .rodata.ph_get_node.str1.4
                0x10005481       0x6f CMakeFiles/AS3935.dir/home/scott/Documents/pico/pico-sdk/src/common/pico_util/pheap.c.obj
 .rodata.ph_add_child_node.str1.4
                0x10005481       0x2e CMakeFiles/AS3935.dir/home/scott/Documents/pico/pico-sdk/src/common/pico_util/pheap.c.obj
 *fill*         0x10005481        0x3 
 .rodata.ph_remove_any_head.str1.4
                0x10005484       0x98 CMakeFiles/AS3935.dir/home/scott/Documents/pico/pico-sdk/src/common/pico_util/pheap.c.obj
                                 0xac (size before relaxing)
 .rodata.ph_remove_and_free_node.str1.4
                0x1000551c       0x1e CMakeFiles/AS3935.dir/home/scott/Documents/pico/pico-sdk/src/common/pico_util/pheap.c.obj
                                 0x26 (size before relaxing)
 *fill*         0x1000553a        0x2 
 .rodata.__func__.0
                0x1000553c       0x18 CMakeFiles/AS3935.dir/home/scott/Documents/pico/pico-sdk/src/common/pico_util/pheap.c.obj
 .rodata.__func__.1
                0x10005554       0x13 CMakeFiles/AS3935.dir/home/scott/Documents/pico/pico-sdk/src/common/pico_util/pheap.c.obj
 *fill*         0x10005567        0x1 
 .rodata.__func__.2
                0x10005568       0x12 CMakeFiles/AS3935.dir/home/scott/Documents/pico/pico-sdk/src/common/pico_util/pheap.c.obj
 *fill*         0x1000557a        0x2 
 .rodata.__func__.3
                0x1000557c        0xc CMakeFiles/AS3935.dir/home/scott/Documents/pico/pico-sdk/src/common/pico_util/pheap.c.obj
 .rodata.clock_configure.str1.4
                0x10005588       0x60 CMakeFiles/AS3935.dir/home/scott/Documents/pico/pico-sdk/src/rp2_common/hardware_clocks/clocks.c.obj
 .rodata.__func__.1
                0x100055e8       0x10 CMakeFiles/AS3935.dir/home/scott/Documents/pico/pico-sdk/src/rp2_common/hardware_clocks/clocks.c.obj
 .rodata.pll_init.str1.4
                0x100055f8      0x12c CMakeFiles/AS3935.dir/home/scott/Documents/pico/pico-sdk/src/rp2_common/hardware_pll/pll.c.obj
 .rodata.__func__.0
                0x10005724        0x9 CMakeFiles/AS3935.dir/home/scott/Documents/pico/pico-sdk/src/rp2_common/hardware_pll/pll.c.obj
 *fill*         0x1000572d        0x3 
 .rodata.__assert_func.str1.4
                0x10005730       0x3f CMakeFiles/AS3935.dir/home/scott/Documents/pico/pico-sdk/src/rp2_common/pico_runtime/runtime.c.obj
                                 0x43 (size before relaxing)
 *fill*         0x1000576f        0x1 
 .rodata.runtime_init.str1.4
                0x10005770       0x6a CMakeFiles/AS3935.dir/home/scott/Documents/pico/pico-sdk/src/rp2_common/pico_runtime/runtime.c.obj
 *fill*         0x100057da        0x2 
 .rodata.panic.str1.4
                0x100057dc       0x12 CMakeFiles/AS3935.dir/home/scott/Documents/pico/pico-sdk/src/rp2_common/pico_runtime/runtime.c.obj
 *fill*         0x100057ee        0x2 
 .rodata.__func__.2
                0x100057f0        0xd CMakeFiles/AS3935.dir/home/scott/Documents/pico/pico-sdk/src/rp2_common/pico_runtime/runtime.c.obj
 *fill*         0x100057fd        0x3 
 .rodata._ftoa.str1.4
                0x10005800       0x15 CMakeFiles/AS3935.dir/home/scott/Documents/pico/pico-sdk/src/rp2_common/pico_printf/printf.c.obj
 *fill*         0x10005815        0x3 
 .rodata._vsnprintf
                0x10005818      0x19c CMakeFiles/AS3935.dir/home/scott/Documents/pico/pico-sdk/src/rp2_common/pico_printf/printf.c.obj
 *fill*         0x100059b4        0x4 
 .rodata.pow10.0
                0x100059b8       0x50 CMakeFiles/AS3935.dir/home/scott/Documents/pico/pico-sdk/src/rp2_common/pico_printf/printf.c.obj
 .rodata.__aeabi_double_init.str1.4
                0x10005a08       0xa5 CMakeFiles/AS3935.dir/home/scott/Documents/pico/pico-sdk/src/rp2_common/pico_double/double_init_rom.c.obj
 *fill*         0x10005aad        0x3 
 .rodata.__func__.0
                0x10005ab0       0x14 CMakeFiles/AS3935.dir/home/scott/Documents/pico/pico-sdk/src/rp2_common/pico_double/double_init_rom.c.obj
 .rodata.__aeabi_float_init.str1.4
                0x10005ac4       0x83 CMakeFiles/AS3935.dir/home/scott/Documents/pico/pico-sdk/src/rp2_common/pico_float/float_init_rom.c.obj
                                 0x87 (size before relaxing)
 *fill*         0x10005b47        0x1 
 .rodata.__func__.0
                0x10005b48       0x13 CMakeFiles/AS3935.dir/home/scott/Documents/pico/pico-sdk/src/rp2_common/pico_float/float_init_rom.c.obj
 *fill*         0x10005b5b        0x1 
 .rodata.str1.4
                0x10005b5c       0x34 CMakeFiles/AS3935.dir/home/scott/Documents/pico/pico-sdk/src/rp2_common/pico_standard_link/binary_info.c.obj
 .rodata.__bi_81
                0x10005b90        0xc CMakeFiles/AS3935.dir/home/scott/Documents/pico/pico-sdk/src/rp2_common/pico_standard_link/binary_info.c.obj
 .rodata.__bi_75
                0x10005b9c        0xc CMakeFiles/AS3935.dir/home/scott/Documents/pico/pico-sdk/src/rp2_common/pico_standard_link/binary_info.c.obj
 .rodata.__bi_44
                0x10005ba8        0xc CMakeFiles/AS3935.dir/home/scott/Documents/pico/pico-sdk/src/rp2_common/pico_standard_link/binary_info.c.obj
 .rodata.update_us_since_boot.str1.4
                0x10005bb4       0x6a CMakeFiles/AS3935.dir/home/scott/Documents/pico/pico-sdk/src/rp2_common/pico_stdio/stdio.c.obj
 .rodata.crlf_str.2
                0x10005bb4        0x2 CMakeFiles/AS3935.dir/home/scott/Documents/pico/pico-sdk/src/rp2_common/pico_stdio/stdio.c.obj
 *fill*         0x10005bb6        0x2 
 .rodata.__func__.3
                0x10005bb8       0x15 CMakeFiles/AS3935.dir/home/scott/Documents/pico/pico-sdk/src/rp2_common/pico_stdio/stdio.c.obj
 *fill*         0x10005bcd        0x3 
 .rodata.str1.4
                0x10005bd0       0x2c CMakeFiles/AS3935.dir/home/scott/Documents/pico/pico-sdk/src/rp2_common/pico_stdio_uart/stdio_uart.c.obj
 .rodata.__bi_33.4
                0x10005bfc        0xc CMakeFiles/AS3935.dir/home/scott/Documents/pico/pico-sdk/src/rp2_common/pico_stdio_uart/stdio_uart.c.obj
 .rodata.__bi_34.5
                0x10005c08        0x8 CMakeFiles/AS3935.dir/home/scott/Documents/pico/pico-sdk/src/rp2_common/pico_stdio_uart/stdio_uart.c.obj
                0x10005c10                        . = ALIGN (0x4)
 *(SORT_BY_ALIGNMENT(SORT_BY_NAME(.flashdata*)))
                0x10005c10                        . = ALIGN (0x4)

.ARM.extab
 *(.ARM.extab* .gnu.linkonce.armextab.*)
                0x10005c10                        __exidx_start = .

.ARM.exidx
 *(.ARM.exidx* .gnu.linkonce.armexidx.*)
                0x10005c10                        __exidx_end = .
                0x10005c10                        . = ALIGN (0x4)
                0x10005c10                        __binary_info_start = .

.binary_info    0x10005c10       0x20
 *(.binary_info.keep.*)
 .binary_info.keep.__bi_ptr81
                0x10005c10        0x4 CMakeFiles/AS3935.dir/home/scott/Documents/pico/pico-sdk/src/rp2_common/pico_standard_link/binary_info.c.obj
 .binary_info.keep.__bi_ptr75
                0x10005c14        0x4 CMakeFiles/AS3935.dir/home/scott/Documents/pico/pico-sdk/src/rp2_common/pico_standard_link/binary_info.c.obj
 .binary_info.keep.__bi_ptr50
                0x10005c18        0x4 CMakeFiles/AS3935.dir/home/scott/Documents/pico/pico-sdk/src/rp2_common/pico_standard_link/binary_info.c.obj
 .binary_info.keep.__bi_ptr44
                0x10005c1c        0x4 CMakeFiles/AS3935.dir/home/scott/Documents/pico/pico-sdk/src/rp2_common/pico_standard_link/binary_info.c.obj
 .binary_info.keep.__bi_ptr30
                0x10005c20        0x4 CMakeFiles/AS3935.dir/home/scott/Documents/pico/pico-sdk/src/rp2_common/pico_standard_link/binary_info.c.obj
 .binary_info.keep.__bi_ptr22
                0x10005c24        0x4 CMakeFiles/AS3935.dir/home/scott/Documents/pico/pico-sdk/src/rp2_common/pico_standard_link/binary_info.c.obj
 *(.binary_info.*)
 .binary_info.__bi_ptr34
                0x10005c28        0x4 CMakeFiles/AS3935.dir/home/scott/Documents/pico/pico-sdk/src/rp2_common/pico_stdio_uart/stdio_uart.c.obj
 .binary_info.__bi_ptr33
                0x10005c2c        0x4 CMakeFiles/AS3935.dir/home/scott/Documents/pico/pico-sdk/src/rp2_common/pico_stdio_uart/stdio_uart.c.obj
                0x10005c30                        __binary_info_end = .

.rel.dyn        0x10005c30        0x0
 .rel.iplt      0x10005c30        0x0 /usr/lib/gcc/arm-none-eabi/12.2.1/thumb/v6-m/nofp/crtbegin.o
                0x10005c30                        . = ALIGN (0x4)

.ram_vector_table
                0x20000000       0xc0
 *(.ram_vector_table)
 .ram_vector_table
                0x20000000       0xc0 CMakeFiles/AS3935.dir/home/scott/Documents/pico/pico-sdk/src/rp2_common/pico_runtime/runtime.c.obj
                0x20000000                ram_vector_table

.data           0x200000c0      0x2c4 load address 0x10005c30
                0x200000c0                        __data_start__ = .
 *(vtable)
 *(.time_critical*)
 .time_critical.mutex_try_enter
                0x200000c0       0x46 CMakeFiles/AS3935.dir/home/scott/Documents/pico/pico-sdk/src/common/pico_sync/mutex.c.obj
                0x200000c0                mutex_try_enter
 *fill*         0x20000106        0x2 
 .time_critical.mutex_enter_block_until
                0x20000108       0x8c CMakeFiles/AS3935.dir/home/scott/Documents/pico/pico-sdk/src/common/pico_sync/mutex.c.obj
                0x20000108                mutex_enter_block_until
 .time_critical.mutex_try_enter_block_until
                0x20000194       0x34 CMakeFiles/AS3935.dir/home/scott/Documents/pico/pico-sdk/src/common/pico_sync/mutex.c.obj
                0x20000194                mutex_try_enter_block_until
 .time_critical.mutex_exit
                0x200001c8       0x4c CMakeFiles/AS3935.dir/home/scott/Documents/pico/pico-sdk/src/common/pico_sync/mutex.c.obj
                0x200001c8                mutex_exit
 .time_critical.spi_write_blocking
                0x20000214       0x3a CMakeFiles/AS3935.dir/home/scott/Documents/pico/pico-sdk/src/rp2_common/hardware_spi/spi.c.obj
                0x20000214                spi_write_blocking
 .time_critical.spi_read_blocking
                0x2000024e       0x3e CMakeFiles/AS3935.dir/home/scott/Documents/pico/pico-sdk/src/rp2_common/hardware_spi/spi.c.obj
                0x2000024e                spi_read_blocking
 *(.text*)
 .text          0x2000028c        0x4 /usr/lib/gcc/arm-none-eabi/12.2.1/thumb/v6-m/nofp/libgcc.a(_dvmd_tls.o)
                0x2000028c                __aeabi_ldiv0
                0x2000028c                __aeabi_idiv0
 .text.__stub   0x20000290       0x20 linker stubs
                0x200002b0                        . = ALIGN (0x4)
 *(.rodata*)
                0x200002b0                        . = ALIGN (0x4)
 *(.data*)
 .data.striped_spin_lock_num
                0x200002b0        0x1 CMakeFiles/AS3935.dir/home/scott/Documents/pico/pico-sdk/src/rp2_common/hardware_sync/sync.c.obj
 *fill*         0x200002b1        0x3 
 .data          0x200002b4       0x48 CMakeFiles/AS3935.dir/home/scott/Documents/pico/pico-sdk/src/rp2_common/hardware_irq/irq_handler_chain.S.obj
                0x200002b4                irq_handler_chain_slots
                0x200002e4                irq_handler_chain_first_slot
                0x200002ee                irq_handler_chain_remove_tail
 .data.default_alarm_pool
                0x200002fc       0x18 CMakeFiles/AS3935.dir/home/scott/Documents/pico/pico-sdk/src/common/pico_time/time.c.obj
 .data.default_alarm_pool_heap
                0x20000314       0x10 CMakeFiles/AS3935.dir/home/scott/Documents/pico/pico-sdk/src/common/pico_time/time.c.obj
 *fill*         0x20000324        0xc 
 .data.aeabi_bits_funcs
                0x20000330       0x10 CMakeFiles/AS3935.dir/home/scott/Documents/pico/pico-sdk/src/rp2_common/pico_bit_ops/bit_ops_aeabi.S.obj
                0x20000330                aeabi_bits_funcs
                0x20000340                aeabi_bits_funcs_end
 .data.aeabi_mem_funcs
                0x20000340       0x10 CMakeFiles/AS3935.dir/home/scott/Documents/pico/pico-sdk/src/rp2_common/pico_mem_ops/mem_ops_aeabi.S.obj
                0x20000340                aeabi_mem_funcs
                0x20000350                aeabi_mem_funcs_end
 .data.stdio_uart
                0x20000350       0x18 CMakeFiles/AS3935.dir/home/scott/Documents/pico/pico-sdk/src/rp2_common/pico_stdio_uart/stdio_uart.c.obj
                0x20000350                stdio_uart
                0x20000368                        . = ALIGN (0x4)
 *(.after_data.*)
                0x20000368                        . = ALIGN (0x4)
                0x20000368                        PROVIDE (__mutex_array_start = .)
 *(SORT_BY_NAME(.mutex_array.*))
 *(.mutex_array)
 .mutex_array   0x20000368        0x8 CMakeFiles/AS3935.dir/home/scott/Documents/pico/pico-sdk/src/rp2_common/pico_stdio/stdio.c.obj
                0x20000370                        PROVIDE (__mutex_array_end = .)
                0x20000370                        . = ALIGN (0x4)
                0x20000370                        PROVIDE (__preinit_array_start = .)
 *(SORT_BY_NAME(.preinit_array.*))
 .preinit_array.00001
                0x20000370        0x4 CMakeFiles/AS3935.dir/home/scott/Documents/pico/pico-sdk/src/rp2_common/pico_mem_ops/mem_ops_aeabi.S.obj
 .preinit_array.00010
                0x20000374        0x4 CMakeFiles/AS3935.dir/home/scott/Documents/pico/pico-sdk/src/rp2_common/pico_bit_ops/bit_ops_aeabi.S.obj
 .preinit_array.00020
                0x20000378        0x4 CMakeFiles/AS3935.dir/home/scott/Documents/pico/pico-sdk/src/rp2_common/pico_double/double_aeabi.S.obj
 .preinit_array.00020
                0x2000037c        0x4 CMakeFiles/AS3935.dir/home/scott/Documents/pico/pico-sdk/src/rp2_common/pico_float/float_aeabi.S.obj
 *(.preinit_array)
                0x20000380                        PROVIDE (__preinit_array_end = .)
                0x20000380                        . = ALIGN (0x4)
                0x20000380                        PROVIDE (__init_array_start = .)
 *(SORT_BY_NAME(.init_array.*))
 *(.init_array)
 .init_array    0x20000380        0x4 /usr/lib/gcc/arm-none-eabi/12.2.1/thumb/v6-m/nofp/crtbegin.o
                0x20000384                        PROVIDE (__init_array_end = .)
                0x20000384                        . = ALIGN (0x4)
                0x20000384                        PROVIDE (__fini_array_start = .)
 *(SORT_BY_NAME(.fini_array.*))
 *(.fini_array)
                0x20000384                        PROVIDE (__fini_array_end = .)
 *(.jcr)
                0x20000384                        . = ALIGN (0x4)
                0x20000384                        __data_end__ = .
                0x10005c30                        __etext = LOADADDR (.data)

.tm_clone_table
                0x20000384        0x0 load address 0x10005ef4
 .tm_clone_table
                0x20000384        0x0 /usr/lib/gcc/arm-none-eabi/12.2.1/thumb/v6-m/nofp/crtbegin.o
 .tm_clone_table
                0x20000384        0x0 /usr/lib/gcc/arm-none-eabi/12.2.1/thumb/v6-m/nofp/crtend.o

.igot.plt       0x20000384        0x0 load address 0x10005ef4
 .igot.plt      0x20000384        0x0 /usr/lib/gcc/arm-none-eabi/12.2.1/thumb/v6-m/nofp/crtbegin.o

.uninitialized_data
                0x20000384        0x0 load address 0x10005ef4
                0x20000384                        . = ALIGN (0x4)
 *(.uninitialized_data*)

.scratch_x      0x20040000        0x0 load address 0x10005ef4
                0x20040000                        __scratch_x_start__ = .
 *(.scratch_x.*)
                0x20040000                        . = ALIGN (0x4)
                0x20040000                        __scratch_x_end__ = .
                0x10005ef4                        __scratch_x_source__ = LOADADDR (.scratch_x)

.scratch_y      0x20041000        0x0 load address 0x10005ef4
                0x20041000                        __scratch_y_start__ = .
 *(.scratch_y.*)
                0x20041000                        . = ALIGN (0x4)
                0x20041000                        __scratch_y_end__ = .
                0x10005ef4                        __scratch_y_source__ = LOADADDR (.scratch_y)

.bss            0x20000388      0x3e8
                0x20000388                        . = ALIGN (0x4)
                0x20000388                        __bss_start__ = .
 *(SORT_BY_ALIGNMENT(SORT_BY_NAME(.bss*)))
 .bss.default_alarm_pool_entries
                0x20000388      0x100 CMakeFiles/AS3935.dir/home/scott/Documents/pico/pico-sdk/src/common/pico_time/time.c.obj
 .bss           0x20000488       0x1c /usr/lib/gcc/arm-none-eabi/12.2.1/thumb/v6-m/nofp/crtbegin.o
 .bss.alarm_callbacks
                0x200004a4       0x10 CMakeFiles/AS3935.dir/home/scott/Documents/pico/pico-sdk/src/rp2_common/hardware_timer/timer.c.obj
 .bss.callbacks
                0x200004b4        0x8 CMakeFiles/AS3935.dir/home/scott/Documents/pico/pico-sdk/src/rp2_common/hardware_gpio/gpio.c.obj
 .bss.chars_available_callback
                0x200004bc        0x4 CMakeFiles/AS3935.dir/home/scott/Documents/pico/pico-sdk/src/rp2_common/pico_stdio_uart/stdio_uart.c.obj
 .bss.chars_available_param
                0x200004c0        0x4 CMakeFiles/AS3935.dir/home/scott/Documents/pico/pico-sdk/src/rp2_common/pico_stdio_uart/stdio_uart.c.obj
 .bss.configured_freq
                0x200004c4       0x28 CMakeFiles/AS3935.dir/home/scott/Documents/pico/pico-sdk/src/rp2_common/hardware_clocks/clocks.c.obj
 .bss.default_alarm_pool_entry_ids_high
                0x200004ec       0x10 CMakeFiles/AS3935.dir/home/scott/Documents/pico/pico-sdk/src/common/pico_time/time.c.obj
 .bss.default_alarm_pool_heap_nodes
                0x200004fc       0x30 CMakeFiles/AS3935.dir/home/scott/Documents/pico/pico-sdk/src/common/pico_time/time.c.obj
 .bss.drivers   0x2000052c        0x4 CMakeFiles/AS3935.dir/home/scott/Documents/pico/pico-sdk/src/rp2_common/pico_stdio/stdio.c.obj
 .bss.filter    0x20000530        0x4 CMakeFiles/AS3935.dir/home/scott/Documents/pico/pico-sdk/src/rp2_common/pico_stdio/stdio.c.obj
 .bss.pools     0x20000534       0x10 CMakeFiles/AS3935.dir/home/scott/Documents/pico/pico-sdk/src/common/pico_time/time.c.obj
 .bss.raw_irq_mask
                0x20000544        0x8 CMakeFiles/AS3935.dir/home/scott/Documents/pico/pico-sdk/src/rp2_common/hardware_gpio/gpio.c.obj
 .bss.sd_table  0x2000054c      0x100 CMakeFiles/AS3935.dir/home/scott/Documents/pico/pico-sdk/src/rp2_common/pico_double/double_init_rom.c.obj
                0x2000054c                sd_table
 .bss.sf_clz_func
                0x2000064c        0x4 CMakeFiles/AS3935.dir/home/scott/Documents/pico/pico-sdk/src/rp2_common/pico_double/double_init_rom.c.obj
                0x2000064c                sf_clz_func
 .bss.sf_table  0x20000650      0x100 CMakeFiles/AS3935.dir/home/scott/Documents/pico/pico-sdk/src/rp2_common/pico_float/float_init_rom.c.obj
                0x20000650                sf_table
 .bss.sleep_notifier
                0x20000750        0x4 CMakeFiles/AS3935.dir/home/scott/Documents/pico/pico-sdk/src/common/pico_time/time.c.obj
 .bss.target_hi
                0x20000754       0x10 CMakeFiles/AS3935.dir/home/scott/Documents/pico/pico-sdk/src/rp2_common/hardware_timer/timer.c.obj
 .bss.uart_char_to_line_feed
                0x20000764        0x4 CMakeFiles/AS3935.dir/home/scott/Documents/pico/pico-sdk/src/rp2_common/hardware_uart/uart.c.obj
                0x20000764                uart_char_to_line_feed
 .bss.uart_instance
                0x20000768        0x4 CMakeFiles/AS3935.dir/home/scott/Documents/pico/pico-sdk/src/rp2_common/pico_stdio_uart/stdio_uart.c.obj
 .bss.claimed   0x2000076c        0x1 CMakeFiles/AS3935.dir/home/scott/Documents/pico/pico-sdk/src/rp2_common/hardware_timer/timer.c.obj
 .bss.irq_hander_chain_free_slot_head
                0x2000076d        0x1 CMakeFiles/AS3935.dir/home/scott/Documents/pico/pico-sdk/src/rp2_common/hardware_irq/irq.c.obj
 .bss.timer_callbacks_pending
                0x2000076e        0x1 CMakeFiles/AS3935.dir/home/scott/Documents/pico/pico-sdk/src/rp2_common/hardware_timer/timer.c.obj
 *(COMMON)
                0x20000770                        . = ALIGN (0x4)
 *fill*         0x2000076f        0x1 
                0x20000770                        __bss_end__ = .

.heap           0x20000770      0x800
                0x20000770                        __end__ = .
                0x20000770                        end = __end__
 *(.heap*)
 .heap          0x20000770      0x800 CMakeFiles/AS3935.dir/home/scott/Documents/pico/pico-sdk/src/rp2_common/pico_standard_link/crt0.S.obj
                0x20000f70                        __HeapLimit = .

.stack1_dummy
 *(.stack1*)

.stack_dummy    0x20041000      0x800
 *(.stack*)
 .stack         0x20041000      0x800 CMakeFiles/AS3935.dir/home/scott/Documents/pico/pico-sdk/src/rp2_common/pico_standard_link/crt0.S.obj

.flash_end      0x10005ef4        0x0
                0x10005ef4                        PROVIDE (__flash_binary_end = .)
                0x20040000                        __StackLimit = (ORIGIN (RAM) + LENGTH (RAM))
                0x20041000                        __StackOneTop = (ORIGIN (SCRATCH_X) + LENGTH (SCRATCH_X))
                0x20042000                        __StackTop = (ORIGIN (SCRATCH_Y) + LENGTH (SCRATCH_Y))
                0x20041000                        __StackOneBottom = (__StackOneTop - SIZEOF (.stack1_dummy))
                0x20041800                        __StackBottom = (__StackTop - SIZEOF (.stack_dummy))
                0x20042000                        PROVIDE (__stack = __StackTop)
                0x00000001                        ASSERT ((__StackLimit >= __HeapLimit), region RAM overflowed)
                0x00000001                        ASSERT (((__binary_info_header_end - __logical_binary_start) <= 0x100), Binary info must be in first 256 bytes of the binary)
LOAD CMakeFiles/AS3935.dir/main.c.obj
LOAD CMakeFiles/AS3935.dir/src/as3935.c.obj
LOAD CMakeFiles/AS3935.dir/home/scott/Documents/pico/pico-sdk/src/rp2_common/pico_stdlib/stdlib.c.obj
LOAD CMakeFiles/AS3935.dir/home/scott/Documents/pico/pico-sdk/src/rp2_common/hardware_gpio/gpio.c.obj
LOAD CMakeFiles/AS3935.dir/home/scott/Documents/pico/pico-sdk/src/rp2_common/pico_platform/platform.c.obj
LOAD CMakeFiles/AS3935.dir/home/scott/Documents/pico/pico-sdk/src/rp2_common/hardware_claim/claim.c.obj
LOAD CMakeFiles/AS3935.dir/home/scott/Documents/pico/pico-sdk/src/rp2_common/hardware_sync/sync.c.obj
LOAD CMakeFiles/AS3935.dir/home/scott/Documents/pico/pico-sdk/src/rp2_common/hardware_irq/irq.c.obj
LOAD CMakeFiles/AS3935.dir/home/scott/Documents/pico/pico-sdk/src/rp2_common/hardware_irq/irq_handler_chain.S.obj
LOAD CMakeFiles/AS3935.dir/home/scott/Documents/pico/pico-sdk/src/common/pico_sync/sem.c.obj
LOAD CMakeFiles/AS3935.dir/home/scott/Documents/pico/pico-sdk/src/common/pico_sync/lock_core.c.obj
LOAD CMakeFiles/AS3935.dir/home/scott/Documents/pico/pico-sdk/src/common/pico_sync/mutex.c.obj
LOAD CMakeFiles/AS3935.dir/home/scott/Documents/pico/pico-sdk/src/common/pico_sync/critical_section.c.obj
LOAD CMakeFiles/AS3935.dir/home/scott/Documents/pico/pico-sdk/src/common/pico_time/time.c.obj
LOAD CMakeFiles/AS3935.dir/home/scott/Documents/pico/pico-sdk/src/common/pico_time/timeout_helper.c.obj
LOAD CMakeFiles/AS3935.dir/home/scott/Documents/pico/pico-sdk/src/rp2_common/hardware_timer/timer.c.obj
LOAD CMakeFiles/AS3935.dir/home/scott/Documents/pico/pico-sdk/src/common/pico_util/datetime.c.obj
LOAD CMakeFiles/AS3935.dir/home/scott/Documents/pico/pico-sdk/src/common/pico_util/pheap.c.obj
LOAD CMakeFiles/AS3935.dir/home/scott/Documents/pico/pico-sdk/src/common/pico_util/queue.c.obj
LOAD CMakeFiles/AS3935.dir/home/scott/Documents/pico/pico-sdk/src/rp2_common/hardware_uart/uart.c.obj
LOAD CMakeFiles/AS3935.dir/home/scott/Documents/pico/pico-sdk/src/rp2_common/hardware_clocks/clocks.c.obj
LOAD CMakeFiles/AS3935.dir/home/scott/Documents/pico/pico-sdk/src/rp2_common/hardware_pll/pll.c.obj
LOAD CMakeFiles/AS3935.dir/home/scott/Documents/pico/pico-sdk/src/rp2_common/hardware_vreg/vreg.c.obj
LOAD CMakeFiles/AS3935.dir/home/scott/Documents/pico/pico-sdk/src/rp2_common/hardware_watchdog/watchdog.c.obj
LOAD CMakeFiles/AS3935.dir/home/scott/Documents/pico/pico-sdk/src/rp2_common/hardware_xosc/xosc.c.obj
LOAD CMakeFiles/AS3935.dir/home/scott/Documents/pico/pico-sdk/src/rp2_common/hardware_divider/divider.S.obj
LOAD CMakeFiles/AS3935.dir/home/scott/Documents/pico/pico-sdk/src/rp2_common/pico_runtime/runtime.c.obj
LOAD CMakeFiles/AS3935.dir/home/scott/Documents/pico/pico-sdk/src/rp2_common/pico_printf/printf.c.obj
LOAD CMakeFiles/AS3935.dir/home/scott/Documents/pico/pico-sdk/src/rp2_common/pico_bit_ops/bit_ops_aeabi.S.obj
LOAD CMakeFiles/AS3935.dir/home/scott/Documents/pico/pico-sdk/src/rp2_common/pico_bootrom/bootrom.c.obj
LOAD CMakeFiles/AS3935.dir/home/scott/Documents/pico/pico-sdk/src/rp2_common/pico_divider/divider.S.obj
LOAD CMakeFiles/AS3935.dir/home/scott/Documents/pico/pico-sdk/src/rp2_common/pico_double/double_aeabi.S.obj
LOAD CMakeFiles/AS3935.dir/home/scott/Documents/pico/pico-sdk/src/rp2_common/pico_double/double_init_rom.c.obj
LOAD CMakeFiles/AS3935.dir/home/scott/Documents/pico/pico-sdk/src/rp2_common/pico_double/double_math.c.obj
LOAD CMakeFiles/AS3935.dir/home/scott/Documents/pico/pico-sdk/src/rp2_common/pico_double/double_v1_rom_shim.S.obj
LOAD CMakeFiles/AS3935.dir/home/scott/Documents/pico/pico-sdk/src/rp2_common/pico_int64_ops/pico_int64_ops_aeabi.S.obj
LOAD CMakeFiles/AS3935.dir/home/scott/Documents/pico/pico-sdk/src/rp2_common/pico_float/float_aeabi.S.obj
LOAD CMakeFiles/AS3935.dir/home/scott/Documents/pico/pico-sdk/src/rp2_common/pico_float/float_init_rom.c.obj
LOAD CMakeFiles/AS3935.dir/home/scott/Documents/pico/pico-sdk/src/rp2_common/pico_float/float_math.c.obj
LOAD CMakeFiles/AS3935.dir/home/scott/Documents/pico/pico-sdk/src/rp2_common/pico_float/float_v1_rom_shim.S.obj
LOAD CMakeFiles/AS3935.dir/home/scott/Documents/pico/pico-sdk/src/rp2_common/pico_malloc/pico_malloc.c.obj
LOAD CMakeFiles/AS3935.dir/home/scott/Documents/pico/pico-sdk/src/rp2_common/pico_mem_ops/mem_ops_aeabi.S.obj
LOAD CMakeFiles/AS3935.dir/home/scott/Documents/pico/pico-sdk/src/rp2_common/pico_standard_link/crt0.S.obj
LOAD CMakeFiles/AS3935.dir/home/scott/Documents/pico/pico-sdk/src/rp2_common/pico_standard_link/new_delete.cpp.obj
LOAD CMakeFiles/AS3935.dir/home/scott/Documents/pico/pico-sdk/src/rp2_common/pico_standard_link/binary_info.c.obj
LOAD CMakeFiles/AS3935.dir/home/scott/Documents/pico/pico-sdk/src/rp2_common/pico_stdio/stdio.c.obj
LOAD CMakeFiles/AS3935.dir/home/scott/Documents/pico/pico-sdk/src/rp2_common/pico_stdio_uart/stdio_uart.c.obj
LOAD CMakeFiles/AS3935.dir/home/scott/Documents/pico/pico-sdk/src/rp2_common/hardware_spi/spi.c.obj
LOAD /tmp/ccjS5wAe.o
LOAD /usr/lib/gcc/arm-none-eabi/12.2.1/../../../arm-none-eabi/lib/thumb/v6-m/nofp/libstdc++.a
LOAD /usr/lib/gcc/arm-none-eabi/12.2.1/../../../arm-none-eabi/lib/thumb/v6-m/nofp/libm.a
START GROUP
LOAD /usr/lib/gcc/arm-none-eabi/12.2.1/thumb/v6-m/nofp/libgcc.a
LOAD /usr/lib/gcc/arm-none-eabi/12.2.1/../../../arm-none-eabi/lib/thumb/v6-m/nofp/libg.a
LOAD /usr/lib/gcc/arm-none-eabi/12.2.1/../../../arm-none-eabi/lib/thumb/v6-m/nofp/libc.a
END GROUP
START GROUP
LOAD /usr/lib/gcc/arm-none-eabi/12.2.1/thumb/v6-m/nofp/libgcc.a
LOAD /usr/lib/gcc/arm-none-eabi/12.2.1/../../../arm-none-eabi/lib/thumb/v6-m/nofp/libc.a
LOAD /usr/lib/gcc/arm-none-eabi/12.2.1/../../../arm-none-eabi/lib/thumb/v6-m/nofp/libnosys.a
END GROUP
LOAD /usr/lib/gcc/arm-none-eabi/12.2.1/thumb/v6-m/nofp/crtend.o
LOAD /usr/lib/gcc/arm-none-eabi/12.2.1/thumb/v6-m/nofp/crtn.o
OUTPUT(AS3935.elf elf32-littlearm)
LOAD linker stubs

.ARM.attributes
                0x00000000       0x28
 .ARM.attributes
                0x00000000       0x1e /usr/lib/gcc/arm-none-eabi/12.2.1/thumb/v6-m/nofp/crti.o
 .ARM.attributes
                0x0000001e       0x2c /usr/lib/gcc/arm-none-eabi/12.2.1/thumb/v6-m/nofp/crtbegin.o
 .ARM.attributes
                0x0000004a       0x2c CMakeFiles/AS3935.dir/main.c.obj
 .ARM.attributes
                0x00000076       0x2c CMakeFiles/AS3935.dir/src/as3935.c.obj
 .ARM.attributes
                0x000000a2       0x2c CMakeFiles/AS3935.dir/home/scott/Documents/pico/pico-sdk/src/rp2_common/hardware_gpio/gpio.c.obj
 .ARM.attributes
                0x000000ce       0x2c CMakeFiles/AS3935.dir/home/scott/Documents/pico/pico-sdk/src/rp2_common/pico_platform/platform.c.obj
 .ARM.attributes
                0x000000fa       0x2c CMakeFiles/AS3935.dir/home/scott/Documents/pico/pico-sdk/src/rp2_common/hardware_claim/claim.c.obj
 .ARM.attributes
                0x00000126       0x2c CMakeFiles/AS3935.dir/home/scott/Documents/pico/pico-sdk/src/rp2_common/hardware_sync/sync.c.obj
 .ARM.attributes
                0x00000152       0x2c CMakeFiles/AS3935.dir/home/scott/Documents/pico/pico-sdk/src/rp2_common/hardware_irq/irq.c.obj
 .ARM.attributes
                0x0000017e       0x22 CMakeFiles/AS3935.dir/home/scott/Documents/pico/pico-sdk/src/rp2_common/hardware_irq/irq_handler_chain.S.obj
 .ARM.attributes
                0x000001a0       0x2c CMakeFiles/AS3935.dir/home/scott/Documents/pico/pico-sdk/src/common/pico_sync/lock_core.c.obj
 .ARM.attributes
                0x000001cc       0x2c CMakeFiles/AS3935.dir/home/scott/Documents/pico/pico-sdk/src/common/pico_sync/mutex.c.obj
 .ARM.attributes
                0x000001f8       0x2c CMakeFiles/AS3935.dir/home/scott/Documents/pico/pico-sdk/src/common/pico_time/time.c.obj
 .ARM.attributes
                0x00000224       0x2c CMakeFiles/AS3935.dir/home/scott/Documents/pico/pico-sdk/src/rp2_common/hardware_timer/timer.c.obj
 .ARM.attributes
                0x00000250       0x2c CMakeFiles/AS3935.dir/home/scott/Documents/pico/pico-sdk/src/common/pico_util/pheap.c.obj
 .ARM.attributes
                0x0000027c       0x2c CMakeFiles/AS3935.dir/home/scott/Documents/pico/pico-sdk/src/rp2_common/hardware_uart/uart.c.obj
 .ARM.attributes
                0x000002a8       0x2c CMakeFiles/AS3935.dir/home/scott/Documents/pico/pico-sdk/src/rp2_common/hardware_clocks/clocks.c.obj
 .ARM.attributes
                0x000002d4       0x2c CMakeFiles/AS3935.dir/home/scott/Documents/pico/pico-sdk/src/rp2_common/hardware_pll/pll.c.obj
 .ARM.attributes
                0x00000300       0x2c CMakeFiles/AS3935.dir/home/scott/Documents/pico/pico-sdk/src/rp2_common/hardware_watchdog/watchdog.c.obj
 .ARM.attributes
                0x0000032c       0x2c CMakeFiles/AS3935.dir/home/scott/Documents/pico/pico-sdk/src/rp2_common/hardware_xosc/xosc.c.obj
 .ARM.attributes
                0x00000358       0x2c CMakeFiles/AS3935.dir/home/scott/Documents/pico/pico-sdk/src/rp2_common/pico_runtime/runtime.c.obj
 .ARM.attributes
                0x00000384       0x2c CMakeFiles/AS3935.dir/home/scott/Documents/pico/pico-sdk/src/rp2_common/pico_printf/printf.c.obj
 .ARM.attributes
                0x000003b0       0x22 CMakeFiles/AS3935.dir/home/scott/Documents/pico/pico-sdk/src/rp2_common/pico_bit_ops/bit_ops_aeabi.S.obj
 .ARM.attributes
                0x000003d2       0x2c CMakeFiles/AS3935.dir/home/scott/Documents/pico/pico-sdk/src/rp2_common/pico_bootrom/bootrom.c.obj
 .ARM.attributes
                0x000003fe       0x22 CMakeFiles/AS3935.dir/home/scott/Documents/pico/pico-sdk/src/rp2_common/pico_divider/divider.S.obj
 .ARM.attributes
                0x00000420       0x22 CMakeFiles/AS3935.dir/home/scott/Documents/pico/pico-sdk/src/rp2_common/pico_double/double_aeabi.S.obj
 .ARM.attributes
                0x00000442       0x2c CMakeFiles/AS3935.dir/home/scott/Documents/pico/pico-sdk/src/rp2_common/pico_double/double_init_rom.c.obj
 .ARM.attributes
                0x0000046e       0x22 CMakeFiles/AS3935.dir/home/scott/Documents/pico/pico-sdk/src/rp2_common/pico_double/double_v1_rom_shim.S.obj
 .ARM.attributes
                0x00000490       0x22 CMakeFiles/AS3935.dir/home/scott/Documents/pico/pico-sdk/src/rp2_common/pico_int64_ops/pico_int64_ops_aeabi.S.obj
 .ARM.attributes
                0x000004b2       0x22 CMakeFiles/AS3935.dir/home/scott/Documents/pico/pico-sdk/src/rp2_common/pico_float/float_aeabi.S.obj
 .ARM.attributes
                0x000004d4       0x2c CMakeFiles/AS3935.dir/home/scott/Documents/pico/pico-sdk/src/rp2_common/pico_float/float_init_rom.c.obj
 .ARM.attributes
                0x00000500       0x22 CMakeFiles/AS3935.dir/home/scott/Documents/pico/pico-sdk/src/rp2_common/pico_float/float_v1_rom_shim.S.obj
 .ARM.attributes
                0x00000522       0x22 CMakeFiles/AS3935.dir/home/scott/Documents/pico/pico-sdk/src/rp2_common/pico_mem_ops/mem_ops_aeabi.S.obj
 .ARM.attributes
                0x00000544       0x22 CMakeFiles/AS3935.dir/home/scott/Documents/pico/pico-sdk/src/rp2_common/pico_standard_link/crt0.S.obj
 .ARM.attributes
                0x00000566       0x2c CMakeFiles/AS3935.dir/home/scott/Documents/pico/pico-sdk/src/rp2_common/pico_standard_link/binary_info.c.obj
 .ARM.attributes
                0x00000592       0x2c CMakeFiles/AS3935.dir/home/scott/Documents/pico/pico-sdk/src/rp2_common/pico_stdio/stdio.c.obj
 .ARM.attributes
                0x000005be       0x2c CMakeFiles/AS3935.dir/home/scott/Documents/pico/pico-sdk/src/rp2_common/pico_stdio_uart/stdio_uart.c.obj
 .ARM.attributes
                0x000005ea       0x2c CMakeFiles/AS3935.dir/home/scott/Documents/pico/pico-sdk/src/rp2_common/hardware_spi/spi.c.obj
 .ARM.attributes
                0x00000616       0x22 /tmp/ccjS5wAe.o
 .ARM.attributes
                0x00000638       0x1e /usr/lib/gcc/arm-none-eabi/12.2.1/thumb/v6-m/nofp/libgcc.a(_dvmd_tls.o)
 .ARM.attributes
                0x00000656       0x2c /usr/lib/gcc/arm-none-eabi/12.2.1/../../../arm-none-eabi/lib/thumb/v6-m/nofp/libg.a(lib_a-strlen-stub.o)
 .ARM.attributes
                0x00000682       0x2c /usr/lib/gcc/arm-none-eabi/12.2.1/thumb/v6-m/nofp/crtend.o

.comment        0x00000000       0x59
 .comment       0x00000000       0x26 /usr/lib/gcc/arm-none-eabi/12.2.1/thumb/v6-m/nofp/crtbegin.o
                                 0x27 (size before relaxing)
 .comment       0x00000026       0x27 CMakeFiles/AS3935.dir/main.c.obj
 .comment       0x00000026       0x27 CMakeFiles/AS3935.dir/src/as3935.c.obj
 .comment       0x00000026       0x27 CMakeFiles/AS3935.dir/home/scott/Documents/pico/pico-sdk/src/rp2_common/hardware_gpio/gpio.c.obj
 .comment       0x00000026       0x27 CMakeFiles/AS3935.dir/home/scott/Documents/pico/pico-sdk/src/rp2_common/pico_platform/platform.c.obj
 .comment       0x00000026       0x27 CMakeFiles/AS3935.dir/home/scott/Documents/pico/pico-sdk/src/rp2_common/hardware_claim/claim.c.obj
 .comment       0x00000026       0x27 CMakeFiles/AS3935.dir/home/scott/Documents/pico/pico-sdk/src/rp2_common/hardware_sync/sync.c.obj
 .comment       0x00000026       0x27 CMakeFiles/AS3935.dir/home/scott/Documents/pico/pico-sdk/src/rp2_common/hardware_irq/irq.c.obj
 .comment       0x00000026       0x27 CMakeFiles/AS3935.dir/home/scott/Documents/pico/pico-sdk/src/common/pico_sync/lock_core.c.obj
 .comment       0x00000026       0x27 CMakeFiles/AS3935.dir/home/scott/Documents/pico/pico-sdk/src/common/pico_sync/mutex.c.obj
 .comment       0x00000026       0x27 CMakeFiles/AS3935.dir/home/scott/Documents/pico/pico-sdk/src/common/pico_time/time.c.obj
 .comment       0x00000026       0x27 CMakeFiles/AS3935.dir/home/scott/Documents/pico/pico-sdk/src/rp2_common/hardware_timer/timer.c.obj
 .comment       0x00000026       0x27 CMakeFiles/AS3935.dir/home/scott/Documents/pico/pico-sdk/src/common/pico_util/pheap.c.obj
 .comment       0x00000026       0x27 CMakeFiles/AS3935.dir/home/scott/Documents/pico/pico-sdk/src/rp2_common/hardware_uart/uart.c.obj
 .comment       0x00000026       0x27 CMakeFiles/AS3935.dir/home/scott/Documents/pico/pico-sdk/src/rp2_common/hardware_clocks/clocks.c.obj
 .comment       0x00000026       0x27 CMakeFiles/AS3935.dir/home/scott/Documents/pico/pico-sdk/src/rp2_common/hardware_pll/pll.c.obj
 .comment       0x00000026       0x27 CMakeFiles/AS3935.dir/home/scott/Documents/pico/pico-sdk/src/rp2_common/hardware_watchdog/watchdog.c.obj
 .comment       0x00000026       0x27 CMakeFiles/AS3935.dir/home/scott/Documents/pico/pico-sdk/src/rp2_common/hardware_xosc/xosc.c.obj
 .comment       0x00000026       0x27 CMakeFiles/AS3935.dir/home/scott/Documents/pico/pico-sdk/src/rp2_common/pico_runtime/runtime.c.obj
 .comment       0x00000026       0x27 CMakeFiles/AS3935.dir/home/scott/Documents/pico/pico-sdk/src/rp2_common/pico_printf/printf.c.obj
 .comment       0x00000026       0x27 CMakeFiles/AS3935.dir/home/scott/Documents/pico/pico-sdk/src/rp2_common/pico_bootrom/bootrom.c.obj
 .comment       0x00000026       0x27 CMakeFiles/AS3935.dir/home/scott/Documents/pico/pico-sdk/src/rp2_common/pico_double/double_init_rom.c.obj
 .comment       0x00000026       0x27 CMakeFiles/AS3935.dir/home/scott/Documents/pico/pico-sdk/src/rp2_common/pico_float/float_init_rom.c.obj
 .comment       0x00000026       0x27 CMakeFiles/AS3935.dir/home/scott/Documents/pico/pico-sdk/src/rp2_common/pico_standard_link/binary_info.c.obj
 .comment       0x00000026       0x27 CMakeFiles/AS3935.dir/home/scott/Documents/pico/pico-sdk/src/rp2_common/pico_stdio/stdio.c.obj
 .comment       0x00000026       0x27 CMakeFiles/AS3935.dir/home/scott/Documents/pico/pico-sdk/src/rp2_common/pico_stdio_uart/stdio_uart.c.obj
 .comment       0x00000026       0x27 CMakeFiles/AS3935.dir/home/scott/Documents/pico/pico-sdk/src/rp2_common/hardware_spi/spi.c.obj
 .comment       0x00000026       0x33 /usr/lib/gcc/arm-none-eabi/12.2.1/../../../arm-none-eabi/lib/thumb/v6-m/nofp/libg.a(lib_a-strlen-stub.o)
                                 0x34 (size before relaxing)
 .comment       0x00000059       0x27 /usr/lib/gcc/arm-none-eabi/12.2.1/thumb/v6-m/nofp/crtend.o

.debug_info     0x00000000    0x1687c
 .debug_info    0x00000000      0xe0a CMakeFiles/AS3935.dir/main.c.obj
 .debug_info    0x00000e0a      0xc9f CMakeFiles/AS3935.dir/src/as3935.c.obj
 .debug_info    0x00001aa9     0x17d1 CMakeFiles/AS3935.dir/home/scott/Documents/pico/pico-sdk/src/rp2_common/hardware_gpio/gpio.c.obj
 .debug_info    0x0000327a      0x1e3 CMakeFiles/AS3935.dir/home/scott/Documents/pico/pico-sdk/src/rp2_common/pico_platform/platform.c.obj
 .debug_info    0x0000345d      0x682 CMakeFiles/AS3935.dir/home/scott/Documents/pico/pico-sdk/src/rp2_common/hardware_claim/claim.c.obj
 .debug_info    0x00003adf      0x5c3 CMakeFiles/AS3935.dir/home/scott/Documents/pico/pico-sdk/src/rp2_common/hardware_sync/sync.c.obj
 .debug_info    0x000040a2     0x1bc3 CMakeFiles/AS3935.dir/home/scott/Documents/pico/pico-sdk/src/rp2_common/hardware_irq/irq.c.obj
 .debug_info    0x00005c65      0x197 CMakeFiles/AS3935.dir/home/scott/Documents/pico/pico-sdk/src/common/pico_sync/lock_core.c.obj
 .debug_info    0x00005dfc     0x1ce9 CMakeFiles/AS3935.dir/home/scott/Documents/pico/pico-sdk/src/common/pico_sync/mutex.c.obj
 .debug_info    0x00007ae5     0x33ad CMakeFiles/AS3935.dir/home/scott/Documents/pico/pico-sdk/src/common/pico_time/time.c.obj
 .debug_info    0x0000ae92     0x13ee CMakeFiles/AS3935.dir/home/scott/Documents/pico/pico-sdk/src/rp2_common/hardware_timer/timer.c.obj
 .debug_info    0x0000c280      0xe63 CMakeFiles/AS3935.dir/home/scott/Documents/pico/pico-sdk/src/common/pico_util/pheap.c.obj
 .debug_info    0x0000d0e3      0xd74 CMakeFiles/AS3935.dir/home/scott/Documents/pico/pico-sdk/src/rp2_common/hardware_uart/uart.c.obj
 .debug_info    0x0000de57      0xfb7 CMakeFiles/AS3935.dir/home/scott/Documents/pico/pico-sdk/src/rp2_common/hardware_clocks/clocks.c.obj
 .debug_info    0x0000ee0e      0x4ed CMakeFiles/AS3935.dir/home/scott/Documents/pico/pico-sdk/src/rp2_common/hardware_pll/pll.c.obj
 .debug_info    0x0000f2fb      0x4c5 CMakeFiles/AS3935.dir/home/scott/Documents/pico/pico-sdk/src/rp2_common/hardware_watchdog/watchdog.c.obj
 .debug_info    0x0000f7c0      0x1af CMakeFiles/AS3935.dir/home/scott/Documents/pico/pico-sdk/src/rp2_common/hardware_xosc/xosc.c.obj
 .debug_info    0x0000f96f      0xf17 CMakeFiles/AS3935.dir/home/scott/Documents/pico/pico-sdk/src/rp2_common/pico_runtime/runtime.c.obj
 .debug_info    0x00010886     0x198a CMakeFiles/AS3935.dir/home/scott/Documents/pico/pico-sdk/src/rp2_common/pico_printf/printf.c.obj
 .debug_info    0x00012210       0x23 CMakeFiles/AS3935.dir/home/scott/Documents/pico/pico-sdk/src/rp2_common/pico_bit_ops/bit_ops_aeabi.S.obj
 .debug_info    0x00012233      0x301 CMakeFiles/AS3935.dir/home/scott/Documents/pico/pico-sdk/src/rp2_common/pico_bootrom/bootrom.c.obj
 .debug_info    0x00012534       0x23 CMakeFiles/AS3935.dir/home/scott/Documents/pico/pico-sdk/src/rp2_common/pico_divider/divider.S.obj
 .debug_info    0x00012557       0x23 CMakeFiles/AS3935.dir/home/scott/Documents/pico/pico-sdk/src/rp2_common/pico_double/double_aeabi.S.obj
 .debug_info    0x0001257a      0x30b CMakeFiles/AS3935.dir/home/scott/Documents/pico/pico-sdk/src/rp2_common/pico_double/double_init_rom.c.obj
 .debug_info    0x00012885       0x23 CMakeFiles/AS3935.dir/home/scott/Documents/pico/pico-sdk/src/rp2_common/pico_double/double_v1_rom_shim.S.obj
 .debug_info    0x000128a8       0x24 CMakeFiles/AS3935.dir/home/scott/Documents/pico/pico-sdk/src/rp2_common/pico_int64_ops/pico_int64_ops_aeabi.S.obj
 .debug_info    0x000128cc       0x23 CMakeFiles/AS3935.dir/home/scott/Documents/pico/pico-sdk/src/rp2_common/pico_float/float_aeabi.S.obj
 .debug_info    0x000128ef      0x31f CMakeFiles/AS3935.dir/home/scott/Documents/pico/pico-sdk/src/rp2_common/pico_float/float_init_rom.c.obj
 .debug_info    0x00012c0e       0x23 CMakeFiles/AS3935.dir/home/scott/Documents/pico/pico-sdk/src/rp2_common/pico_float/float_v1_rom_shim.S.obj
 .debug_info    0x00012c31       0x23 CMakeFiles/AS3935.dir/home/scott/Documents/pico/pico-sdk/src/rp2_common/pico_mem_ops/mem_ops_aeabi.S.obj
 .debug_info    0x00012c54       0x23 CMakeFiles/AS3935.dir/home/scott/Documents/pico/pico-sdk/src/rp2_common/pico_standard_link/crt0.S.obj
 .debug_info    0x00012c77      0x25e CMakeFiles/AS3935.dir/home/scott/Documents/pico/pico-sdk/src/rp2_common/pico_standard_link/binary_info.c.obj
 .debug_info    0x00012ed5     0x1725 CMakeFiles/AS3935.dir/home/scott/Documents/pico/pico-sdk/src/rp2_common/pico_stdio/stdio.c.obj
 .debug_info    0x000145fa     0x1003 CMakeFiles/AS3935.dir/home/scott/Documents/pico/pico-sdk/src/rp2_common/pico_stdio_uart/stdio_uart.c.obj
 .debug_info    0x000155fd     0x1158 CMakeFiles/AS3935.dir/home/scott/Documents/pico/pico-sdk/src/rp2_common/hardware_spi/spi.c.obj
 .debug_info    0x00016755       0x39 /usr/lib/gcc/arm-none-eabi/12.2.1/thumb/v6-m/nofp/libgcc.a(_dvmd_tls.o)
 .debug_info    0x0001678e       0xee /usr/lib/gcc/arm-none-eabi/12.2.1/../../../arm-none-eabi/lib/thumb/v6-m/nofp/libg.a(lib_a-strlen-stub.o)

.debug_abbrev   0x00000000     0x4d43
 .debug_abbrev  0x00000000      0x32d CMakeFiles/AS3935.dir/main.c.obj
 .debug_abbrev  0x0000032d      0x28d CMakeFiles/AS3935.dir/src/as3935.c.obj
 .debug_abbrev  0x000005ba      0x3a6 CMakeFiles/AS3935.dir/home/scott/Documents/pico/pico-sdk/src/rp2_common/hardware_gpio/gpio.c.obj
 .debug_abbrev  0x00000960       0xf8 CMakeFiles/AS3935.dir/home/scott/Documents/pico/pico-sdk/src/rp2_common/pico_platform/platform.c.obj
 .debug_abbrev  0x00000a58      0x2ce CMakeFiles/AS3935.dir/home/scott/Documents/pico/pico-sdk/src/rp2_common/hardware_claim/claim.c.obj
 .debug_abbrev  0x00000d26      0x249 CMakeFiles/AS3935.dir/home/scott/Documents/pico/pico-sdk/src/rp2_common/hardware_sync/sync.c.obj
 .debug_abbrev  0x00000f6f      0x500 CMakeFiles/AS3935.dir/home/scott/Documents/pico/pico-sdk/src/rp2_common/hardware_irq/irq.c.obj
 .debug_abbrev  0x0000146f      0x116 CMakeFiles/AS3935.dir/home/scott/Documents/pico/pico-sdk/src/common/pico_sync/lock_core.c.obj
 .debug_abbrev  0x00001585      0x3e8 CMakeFiles/AS3935.dir/home/scott/Documents/pico/pico-sdk/src/common/pico_sync/mutex.c.obj
 .debug_abbrev  0x0000196d      0x5c3 CMakeFiles/AS3935.dir/home/scott/Documents/pico/pico-sdk/src/common/pico_time/time.c.obj
 .debug_abbrev  0x00001f30      0x3d5 CMakeFiles/AS3935.dir/home/scott/Documents/pico/pico-sdk/src/rp2_common/hardware_timer/timer.c.obj